Resolving dependencies...
Downloading packages...
  cross_file 0.3.5+2 (0.3.5+4 available)
  image_picker 1.2.2 (1.2.3 available)
  matcher 0.12.19 (0.12.20 available)
  meta 1.18.0 (1.18.3 available)
  test_api 0.7.11 (0.7.13 available)
  vector_math 2.2.0 (2.4.0 available)
Got dependencies!
6 packages have newer versions incompatible with dependency constraints.
Try `flutter pub outdated` for more information.
Developer identity "Apple Development: helmer.marvin@outlook.de (82A282L26H)" selected for iOS code signing
Running Xcode build...                                          
Xcode build done.                                            3.8s
Installing and launching...                                         7.0s
VMServiceFlutterDriver: Connecting to Flutter application at http://127.0.0.1:55794/X9OSSJ3gsv4=/
VMServiceFlutterDriver: Isolate found with number: 5307894897742747
VMServiceFlutterDriver: Isolate 5307894897742747 is runnable.
VMServiceFlutterDriver: Isolate is paused at start.
VMServiceFlutterDriver: Attempting to resume isolate
flutter: 00:00 +0: SO3 series
VMServiceFlutterDriver: Connected to Flutter application.
flutter: SO3 tap_to_frame=6812us build_start=575us step=1
flutter: SO3 tap_to_frame=15147us build_start=9316us step=2
flutter: SO3 tap_to_frame=17600us build_start=9144us step=3
flutter: SO3 tap_to_frame=16131us build_start=11844us step=1
flutter: SO3 tap_to_frame=12711us build_start=7253us step=2
flutter: SO3 tap_to_frame=9099us build_start=3915us step=3
flutter: SO3 tap_to_frame=17095us build_start=12280us step=1
flutter: SO3 tap_to_frame=12668us build_start=6837us step=2
flutter: SO3 tap_to_frame=11775us build_start=6366us step=3
flutter: SO3 tap_to_frame=16998us build_start=11972us step=1
flutter: SO3 tap_to_frame=11673us build_start=6252us step=2
flutter: SO3 tap_to_frame=9543us build_start=4180us step=3
flutter: SO3 tap_to_frame=12710us build_start=7920us step=1
flutter: SO3 tap_to_frame=7920us build_start=2459us step=2
flutter: SO3 tap_to_frame=7669us build_start=3061us step=3
flutter: SO3 tap_to_frame=13644us build_start=9609us step=1
flutter: SO3 tap_to_frame=10186us build_start=4568us step=2
flutter: SO3 tap_to_frame=9411us build_start=4271us step=3
flutter: SO3 tap_to_frame=15684us build_start=10853us step=1
flutter: SO3 tap_to_frame=10489us build_start=4925us step=2
flutter: SO3 tap_to_frame=10149us build_start=4544us step=3
flutter: SO3 tap_to_frame=14069us build_start=9281us step=1
flutter: SO3 tap_to_frame=9222us build_start=3570us step=2
flutter: SO3 tap_to_frame=7184us build_start=2129us step=3
flutter: SO3 tap_to_frame=5037us build_start=488us step=1
flutter: SO3 tap_to_frame=17172us build_start=11613us step=2
flutter: SO3 tap_to_frame=15425us build_start=10024us step=3
flutter: SO3 tap_to_frame=18332us build_start=13644us step=1
flutter: SO3 tap_to_frame=14802us build_start=8974us step=2
flutter: SO3 tap_to_frame=15876us build_start=11163us step=3
flutter: SO3 tap_to_frame=5067us build_start=514us step=1
flutter: SO3 tap_to_frame=15594us build_start=10216us step=2
flutter: SO3 tap_to_frame=14629us build_start=9449us step=3
flutter: SO3 tap_to_frame=5101us build_start=518us step=1
flutter: SO3 tap_to_frame=15684us build_start=10559us step=2
flutter: SO3 tap_to_frame=14178us build_start=8483us step=3
flutter: SO3 tap_to_frame=17218us build_start=12051us step=1
flutter: SO3 tap_to_frame=12550us build_start=6724us step=2
flutter: SO3 tap_to_frame=12011us build_start=6284us step=3
flutter: SO3 tap_to_frame=17211us build_start=12533us step=1
flutter: SO3 tap_to_frame=12832us build_start=6694us step=2
flutter: SO3 tap_to_frame=9728us build_start=5964us step=3
flutter: SO3 tap_to_frame=14136us build_start=9359us step=1
flutter: SO3 tap_to_frame=9539us build_start=4092us step=2
flutter: SO3 tap_to_frame=6992us build_start=1822us step=3
flutter: SO3 tap_to_frame=4849us build_start=493us step=1
flutter: SO3 tap_to_frame=17414us build_start=11576us step=2
flutter: SO3 tap_to_frame=15154us build_start=9719us step=3
flutter: SO3 tap_to_frame=5437us build_start=539us step=1
flutter: SO3 tap_to_frame=16183us build_start=10764us step=2
flutter: SO3 tap_to_frame=16289us build_start=10960us step=3
flutter: SO3 tap_to_frame=4915us build_start=508us step=1
flutter: SO3 tap_to_frame=17439us build_start=11982us step=2
flutter: SO3 tap_to_frame=16776us build_start=11290us step=3
flutter: SO3 tap_to_frame=5124us build_start=489us step=1
flutter: SO3 tap_to_frame=15401us build_start=9361us step=2
flutter: SO3 tap_to_frame=13042us build_start=7518us step=3
flutter: SO3 tap_to_frame=14265us build_start=9332us step=1
flutter: SO3 tap_to_frame=10022us build_start=4305us step=2
flutter: SO3 tap_to_frame=9833us build_start=4454us step=3
flutter: SO3 tap_to_frame=16052us build_start=11244us step=1
flutter: SO3 tap_to_frame=11404us build_start=5529us step=2
flutter: SO3 tap_to_frame=9795us build_start=4274us step=3
flutter: SO3 tap_to_frame=14363us build_start=9380us step=1
flutter: SO3 tap_to_frame=8010us build_start=3121us step=2
flutter: SO3 tap_to_frame=6660us build_start=1080us step=3
flutter: SO3 tap_to_frame=4931us build_start=521us step=1
flutter: SO3 tap_to_frame=16050us build_start=11984us step=2
flutter: SO3 tap_to_frame=16772us build_start=11176us step=3
flutter: SO3 tap_to_frame=4995us build_start=505us step=1
flutter: SO3 tap_to_frame=17168us build_start=11612us step=2
flutter: SO3 tap_to_frame=17316us build_start=11812us step=3
flutter: SO3 tap_to_frame=5126us build_start=523us step=1
flutter: SO3 tap_to_frame=15912us build_start=10091us step=2
flutter: SO3 tap_to_frame=15172us build_start=9591us step=3
flutter: SO3 tap_to_frame=4830us build_start=614us step=1
flutter: SO3 tap_to_frame=14848us build_start=9025us step=2
flutter: SO3 tap_to_frame=14996us build_start=9379us step=3
flutter: SO3 tap_to_frame=15448us build_start=11924us step=1
flutter: SO3 tap_to_frame=12596us build_start=6631us step=2
flutter: SO3 tap_to_frame=12015us build_start=6364us step=3
flutter: SO3 tap_to_frame=4792us build_start=592us step=1
flutter: SO3 tap_to_frame=15435us build_start=9670us step=2
flutter: SO3 tap_to_frame=14646us build_start=8823us step=3
flutter: SO3 tap_to_frame=17096us build_start=12157us step=1
flutter: SO3 tap_to_frame=13000us build_start=7487us step=2
flutter: SO3 tap_to_frame=10109us build_start=5045us step=3
flutter: SO3 tap_to_frame=13836us build_start=8841us step=1
flutter: SO3 tap_to_frame=9108us build_start=3391us step=2
flutter: SO3 tap_to_frame=7999us build_start=2778us step=3
flutter: SO3 tap_to_frame=9405us build_start=4349us step=1
flutter: SO3 tap_to_frame=5496us build_start=504us step=2
flutter: SO3 tap_to_frame=6461us build_start=1082us step=3
flutter: SO3 tap_to_frame=5300us build_start=696us step=1
flutter: SO3 tap_to_frame=17305us build_start=11994us step=2
flutter: SO3 tap_to_frame=5500us build_start=522us step=3
flutter: SO3 tap_to_frame=5016us build_start=462us step=1
flutter: SO3 tap_to_frame=16834us build_start=11255us step=2
flutter: SO3 tap_to_frame=16071us build_start=10732us step=3
flutter: SO3 tap_to_frame=18490us build_start=13057us step=1
flutter: SO3 tap_to_frame=12846us build_start=7359us step=2
flutter: SO3 tap_to_frame=11506us build_start=6131us step=3
flutter: SO3 tap_to_frame=16792us build_start=11988us step=1
flutter: SO3 tap_to_frame=12508us build_start=6052us step=2
flutter: SO3 tap_to_frame=11172us build_start=6546us step=3
flutter: SO3 tap_to_frame=16700us build_start=11745us step=1
flutter: SO3 tap_to_frame=12667us build_start=6880us step=2
flutter: SO3 tap_to_frame=12469us build_start=7116us step=3
flutter: SO3 tap_to_frame=16972us build_start=12206us step=1
flutter: SO3 tap_to_frame=12718us build_start=6929us step=2
flutter: SO3 tap_to_frame=11794us build_start=6644us step=3
flutter: SO3 tap_to_frame=17035us build_start=12600us step=1
flutter: SO3 tap_to_frame=12091us build_start=6598us step=2
flutter: SO3 tap_to_frame=9958us build_start=4332us step=3
flutter: SO3 tap_to_frame=14821us build_start=9939us step=1
flutter: SO3 tap_to_frame=9877us build_start=4381us step=2
flutter: SO3 tap_to_frame=7029us build_start=1876us step=3
flutter: SO3 tap_to_frame=9197us build_start=4580us step=1
flutter: SO3 tap_to_frame=5607us build_start=634us step=2
flutter: SO3 tap_to_frame=5459us build_start=730us step=3
flutter: SO3 tap_to_frame=5803us build_start=997us step=1
flutter: SO3 tap_to_frame=17873us build_start=12429us step=2
flutter: SO3 tap_to_frame=15382us build_start=10021us step=3
flutter: SO3 tap_to_frame=17372us build_start=12316us step=1
flutter: SO3 tap_to_frame=12214us build_start=6699us step=2
flutter: SO3 tap_to_frame=11761us build_start=6484us step=3
flutter: SO3 tap_to_frame=17620us build_start=12426us step=1
flutter: SO3 tap_to_frame=12178us build_start=6581us step=2
flutter: SO3 tap_to_frame=12583us build_start=7050us step=3
flutter: SO3 tap_to_frame=16748us build_start=11550us step=1
flutter: SO3 tap_to_frame=12120us build_start=6484us step=2
flutter: SO3 tap_to_frame=11848us build_start=6686us step=3
flutter: SO3 tap_to_frame=16939us build_start=12160us step=1
flutter: SO3 tap_to_frame=12271us build_start=6649us step=2
flutter: SO3 tap_to_frame=10000us build_start=5230us step=3
flutter: SO3 tap_to_frame=15180us build_start=10936us step=1
flutter: SO3 tap_to_frame=11046us build_start=5390us step=2
flutter: SO3 tap_to_frame=11780us build_start=7750us step=3
flutter: SO3 tap_to_frame=17070us build_start=12055us step=1
flutter: SO3 tap_to_frame=12813us build_start=6901us step=2
flutter: SO3 tap_to_frame=11768us build_start=6565us step=3
flutter: SO3 tap_to_frame=15898us build_start=11003us step=1
flutter: SO3 tap_to_frame=11083us build_start=5697us step=2
flutter: SO3 tap_to_frame=12652us build_start=6938us step=3
flutter: SO3 tap_to_frame=16633us build_start=11970us step=1
flutter: SO3 tap_to_frame=11952us build_start=6365us step=2
flutter: SO3 tap_to_frame=9976us build_start=4640us step=3
flutter: SO3 tap_to_frame=14759us build_start=9882us step=1
flutter: SO3 tap_to_frame=9851us build_start=4199us step=2
flutter: SO3 tap_to_frame=7761us build_start=3527us step=3
flutter: SO3 tap_to_frame=8660us build_start=3305us step=1
flutter: SO3 tap_to_frame=5456us build_start=491us step=2
flutter: SO3 tap_to_frame=5197us build_start=575us step=3
flutter: SO3 tap_to_frame=4496us build_start=451us step=1
flutter: SO3 tap_to_frame=16804us build_start=11168us step=2
flutter: SO3 tap_to_frame=15264us build_start=11114us step=3
flutter: SO3 tap_to_frame=5266us build_start=648us step=1
flutter: SO3 tap_to_frame=14344us build_start=8769us step=2
flutter: SO3 tap_to_frame=14302us build_start=8541us step=3
flutter: SO3 tap_to_frame=18107us build_start=12948us step=1
flutter: SO3 tap_to_frame=14754us build_start=8981us step=2
flutter: SO3 tap_to_frame=14657us build_start=9270us step=3
flutter: SO3 tap_to_frame=5049us build_start=503us step=1
flutter: SO3 tap_to_frame=14535us build_start=8819us step=2
flutter: SO3 tap_to_frame=11816us build_start=5990us step=3
flutter: SO3 tap_to_frame=17325us build_start=12082us step=1
flutter: SO3 tap_to_frame=12398us build_start=6839us step=2
flutter: SO3 tap_to_frame=10646us build_start=5567us step=3
flutter: SO3 tap_to_frame=13847us build_start=9071us step=1
flutter: SO3 tap_to_frame=8638us build_start=3522us step=2
flutter: SO3 tap_to_frame=8586us build_start=3480us step=3
flutter: SO3 tap_to_frame=9795us build_start=5523us step=1
flutter: SO3 tap_to_frame=6012us build_start=513us step=2
flutter: SO3 tap_to_frame=5134us build_start=472us step=3
flutter: SO3 tap_to_frame=7413us build_start=2528us step=1
flutter: SO3 tap_to_frame=4708us build_start=367us step=2
flutter: SO3 tap_to_frame=5513us build_start=480us step=3
flutter: SO3 tap_to_frame=7160us build_start=2329us step=1
flutter: SO3 tap_to_frame=18788us build_start=13383us step=2
flutter: SO3 tap_to_frame=18264us build_start=12645us step=3
flutter: SO3 tap_to_frame=5723us build_start=1025us step=1
flutter: SO3 tap_to_frame=18095us build_start=12423us step=2
flutter: SO3 tap_to_frame=17240us build_start=11632us step=3
flutter: SO3 tap_to_frame=6460us build_start=1820us step=1
flutter: SO3 tap_to_frame=19092us build_start=13322us step=2
flutter: SO3 tap_to_frame=16598us build_start=11105us step=3
flutter: SO3 tap_to_frame=4448us build_start=435us step=1
flutter: SO3 tap_to_frame=16486us build_start=10758us step=2
flutter: SO3 tap_to_frame=15298us build_start=10574us step=3
flutter: SO3 tap_to_frame=17286us build_start=11971us step=1
flutter: SO3 tap_to_frame=12257us build_start=6469us step=2
flutter: SO3 tap_to_frame=14385us build_start=8717us step=3
flutter: SO3 tap_to_frame=16780us build_start=11819us step=1
flutter: SO3 tap_to_frame=12293us build_start=6501us step=2
flutter: SO3 tap_to_frame=9437us build_start=4380us step=3
flutter: SO3 tap_to_frame=10805us build_start=5730us step=1
flutter: SO3 tap_to_frame=5415us build_start=460us step=2
flutter: SO3 tap_to_frame=5075us build_start=486us step=3
flutter: SO3 tap_to_frame=7012us build_start=2297us step=1
flutter: SO3 tap_to_frame=5369us build_start=538us step=2
flutter: SO3 tap_to_frame=18539us build_start=12773us step=3
flutter: SO3 tap_to_frame=5039us build_start=495us step=1
flutter: SO3 tap_to_frame=14510us build_start=8986us step=2
flutter: SO3 tap_to_frame=14051us build_start=8211us step=3
flutter: SO3 tap_to_frame=15849us build_start=10792us step=1
flutter: SO3 tap_to_frame=10968us build_start=6504us step=2
flutter: SO3 tap_to_frame=10820us build_start=5602us step=3
flutter: SO3 tap_to_frame=17338us build_start=12416us step=1
flutter: SO3 tap_to_frame=13397us build_start=7089us step=2
flutter: SO3 tap_to_frame=9601us build_start=4585us step=3
flutter: SO3 tap_to_frame=14959us build_start=10214us step=1
flutter: SO3 tap_to_frame=10007us build_start=4506us step=2
flutter: SO3 tap_to_frame=7839us build_start=2226us step=3
flutter: SO3 tap_to_frame=8741us build_start=3779us step=1
flutter: SO3 tap_to_frame=5540us build_start=521us step=2
flutter: SO3 tap_to_frame=5337us build_start=463us step=3
flutter: SO3 tap_to_frame=6527us build_start=1710us step=1
flutter: SO3 tap_to_frame=18981us build_start=13258us step=2
flutter: SO3 tap_to_frame=17594us build_start=12014us step=3
flutter: SO3 tap_to_frame=17626us build_start=12671us step=1
flutter: SO3 tap_to_frame=12343us build_start=6640us step=2
flutter: SO3 tap_to_frame=11226us build_start=5667us step=3
flutter: SO3 tap_to_frame=16839us build_start=11810us step=1
flutter: SO3 tap_to_frame=12370us build_start=7528us step=2
flutter: SO3 tap_to_frame=10715us build_start=5293us step=3
flutter: SO3 tap_to_frame=14106us build_start=9285us step=1
flutter: SO3 tap_to_frame=10165us build_start=4481us step=2
flutter: SO3 tap_to_frame=9358us build_start=3665us step=3
flutter: SO3 tap_to_frame=8404us build_start=3194us step=1
flutter: SO3 tap_to_frame=5032us build_start=346us step=2
flutter: SO3 tap_to_frame=18188us build_start=12865us step=3
flutter: SO3 tap_to_frame=5526us build_start=786us step=1
flutter: SO3 tap_to_frame=18796us build_start=12093us step=2
flutter: SO3 tap_to_frame=17935us build_start=12885us step=3
flutter: SO3 tap_to_frame=18486us build_start=13105us step=1
flutter: SO3 tap_to_frame=13219us build_start=7702us step=2
flutter: SO3 tap_to_frame=12523us build_start=7171us step=3
flutter: SO3 tap_to_frame=14642us build_start=9819us step=1
flutter: SO3 tap_to_frame=9996us build_start=4537us step=2
flutter: SO3 tap_to_frame=10243us build_start=4955us step=3
flutter: SO3 tap_to_frame=16006us build_start=11873us step=1
flutter: SO3 tap_to_frame=12166us build_start=7380us step=2
flutter: SO3 tap_to_frame=11227us build_start=5752us step=3
flutter: SO3 tap_to_frame=4853us build_start=613us step=1
flutter: SO3 tap_to_frame=15236us build_start=9440us step=2
flutter: SO3 tap_to_frame=13966us build_start=8089us step=3
flutter: SO3 tap_to_frame=17414us build_start=13358us step=1
flutter: SO3 tap_to_frame=14368us build_start=8579us step=2
flutter: SO3 tap_to_frame=11594us build_start=6487us step=3
flutter: SO3 tap_to_frame=17151us build_start=13037us step=1
flutter: SO3 tap_to_frame=12897us build_start=7333us step=2
flutter: SO3 tap_to_frame=11888us build_start=6474us step=3
flutter: SO3 tap_to_frame=17852us build_start=12842us step=1
flutter: SO3 tap_to_frame=12072us build_start=6557us step=2
flutter: SO3 tap_to_frame=9619us build_start=4297us step=3
flutter: SO3 tap_to_frame=14656us build_start=9925us step=1
flutter: SO3 tap_to_frame=11469us build_start=5438us step=2
flutter: SO3 tap_to_frame=8858us build_start=3694us step=3
flutter: SO3 tap_to_frame=17545us build_start=13322us step=1
flutter: SO3 tap_to_frame=13419us build_start=7664us step=2
flutter: SO3 tap_to_frame=11890us build_start=6298us step=3
flutter: SO3 tap_to_frame=16089us build_start=11907us step=1
flutter: SO3 tap_to_frame=11778us build_start=6279us step=2
flutter: SO3 tap_to_frame=9875us build_start=5264us step=3
flutter: SO3 tap_to_frame=16967us build_start=12523us step=1
flutter: SO3 tap_to_frame=13242us build_start=7374us step=2
flutter: SO3 tap_to_frame=13427us build_start=8363us step=3
flutter: SO3 tap_to_frame=4590us build_start=378us step=1
flutter: SO3 tap_to_frame=14622us build_start=8949us step=2
flutter: SO3 tap_to_frame=14931us build_start=9367us step=3
flutter: SO3 tap_to_frame=17447us build_start=13126us step=1
flutter: SO3 tap_to_frame=13353us build_start=7378us step=2
flutter: SO3 tap_to_frame=10607us build_start=5097us step=3
flutter: SO3 tap_to_frame=14890us build_start=9890us step=1
flutter: SO3 tap_to_frame=10430us build_start=4862us step=2
flutter: SO3 tap_to_frame=7876us build_start=2562us step=3
flutter: SO3 tap_to_frame=10396us build_start=5943us step=1
flutter: SO3 tap_to_frame=6078us build_start=788us step=2
flutter: SO3 tap_to_frame=3912us build_start=513us step=3
flutter: SO3 tap_to_frame=6777us build_start=1467us step=1
flutter: SO3 tap_to_frame=17434us build_start=12416us step=2
flutter: SO3 tap_to_frame=15368us build_start=11482us step=3
flutter: SO3 tap_to_frame=16627us build_start=11432us step=1
flutter: SO3 tap_to_frame=10811us build_start=5224us step=2
flutter: SO3 tap_to_frame=12012us build_start=6742us step=3
flutter: SO3 tap_to_frame=12531us build_start=10723us step=1
flutter: SO3 tap_to_frame=11297us build_start=6285us step=2
flutter: SO3 tap_to_frame=8398us build_start=2915us step=3
flutter: SO3 tap_to_frame=11932us build_start=7103us step=1
flutter: SO3 tap_to_frame=6890us build_start=1437us step=2
flutter: SO3 tap_to_frame=5348us build_start=513us step=3
flutter: SO3 tap_to_frame=5205us build_start=574us step=1
flutter: SO3 tap_to_frame=17169us build_start=11671us step=2
flutter: SO3 tap_to_frame=16371us build_start=10605us step=3
flutter: SO3 tap_to_frame=17956us build_start=13004us step=1
flutter: SO3 tap_to_frame=13340us build_start=7894us step=2
flutter: SO3 tap_to_frame=12992us build_start=8377us step=3
flutter: SO3 tap_to_frame=16713us build_start=11871us step=1
flutter: SO3 tap_to_frame=12017us build_start=6593us step=2
flutter: SO3 tap_to_frame=10579us build_start=5431us step=3
flutter: SO3 tap_to_frame=17197us build_start=12457us step=1
flutter: SO3 tap_to_frame=12532us build_start=6737us step=2
flutter: SO3 tap_to_frame=12114us build_start=6741us step=3
flutter: SO3 tap_to_frame=17142us build_start=12298us step=1
flutter: SO3 tap_to_frame=14899us build_start=9498us step=2
flutter: SO3 tap_to_frame=14546us build_start=9280us step=3
flutter: SO3 tap_to_frame=4693us build_start=638us step=1
flutter: SO3 tap_to_frame=14202us build_start=8473us step=2
flutter: SO3 tap_to_frame=11642us build_start=6440us step=3
flutter: SO3 tap_to_frame=17144us build_start=12879us step=1
flutter: SO3 tap_to_frame=13201us build_start=7506us step=2
flutter: SO3 tap_to_frame=13863us build_start=8084us step=3
flutter: SO3 tap_to_frame=17064us build_start=12110us step=1
flutter: SO3 tap_to_frame=12584us build_start=6823us step=2
flutter: SO3 tap_to_frame=12240us build_start=6479us step=3
flutter: SO3 tap_to_frame=17125us build_start=12440us step=1
flutter: SO3 tap_to_frame=13634us build_start=7899us step=2
flutter: SO3 tap_to_frame=12184us build_start=7224us step=3
flutter: SO3 tap_to_frame=12245us build_start=7995us step=1
flutter: SO3 tap_to_frame=8195us build_start=2791us step=2
flutter: SO3 tap_to_frame=6720us build_start=2326us step=3
flutter: SO3 tap_to_frame=11805us build_start=6800us step=1
flutter: SO3 tap_to_frame=7241us build_start=1323us step=2
flutter: SO3 tap_to_frame=6228us build_start=1249us step=3
flutter: SO3 tap_to_frame=8674us build_start=3765us step=1
flutter: SO3 tap_to_frame=5249us build_start=652us step=2
flutter: SO3 tap_to_frame=5493us build_start=485us step=3
flutter: SO3 tap_to_frame=5073us build_start=821us step=1
flutter: SO3 tap_to_frame=17562us build_start=12184us step=2
flutter: SO3 tap_to_frame=16259us build_start=10513us step=3
flutter: SO3 tap_to_frame=16861us build_start=12187us step=1
flutter: SO3 tap_to_frame=11852us build_start=6656us step=2
flutter: SO3 tap_to_frame=13182us build_start=7662us step=3
flutter: SO3 tap_to_frame=17168us build_start=12830us step=1
flutter: SO3 tap_to_frame=13386us build_start=8415us step=2
flutter: SO3 tap_to_frame=12194us build_start=6684us step=3
flutter: SO3 tap_to_frame=17246us build_start=12226us step=1
flutter: SO3 tap_to_frame=12303us build_start=6658us step=2
flutter: SO3 tap_to_frame=11209us build_start=6150us step=3
flutter: SO3 tap_to_frame=18515us build_start=12913us step=1
flutter: SO3 tap_to_frame=12047us build_start=6671us step=2
flutter: SO3 tap_to_frame=9904us build_start=4806us step=3
flutter: SO3 tap_to_frame=17123us build_start=12569us step=1
flutter: SO3 tap_to_frame=13794us build_start=7610us step=2
flutter: SO3 tap_to_frame=11666us build_start=6781us step=3
flutter: SO3 tap_to_frame=13698us build_start=9095us step=1
flutter: SO3 tap_to_frame=9034us build_start=3276us step=2
flutter: SO3 tap_to_frame=8586us build_start=3271us step=3
flutter: SO3 tap_to_frame=13821us build_start=10396us step=1
flutter: SO3 tap_to_frame=10961us build_start=5078us step=2
flutter: SO3 tap_to_frame=11932us build_start=6762us step=3
flutter: SO3 tap_to_frame=15701us build_start=11109us step=1
flutter: SO3 tap_to_frame=11052us build_start=5238us step=2
flutter: SO3 tap_to_frame=11108us build_start=5569us step=3
flutter: SO3 tap_to_frame=13015us build_start=8688us step=1
flutter: SO3 tap_to_frame=8975us build_start=3659us step=2
flutter: SO3 tap_to_frame=7016us build_start=1753us step=3
flutter: SO3 tap_to_frame=9448us build_start=4367us step=1
flutter: SO3 tap_to_frame=6129us build_start=554us step=2
flutter: SO3 tap_to_frame=6302us build_start=758us step=3
flutter: SO3 tap_to_frame=4953us build_start=570us step=1
flutter: SO3 tap_to_frame=17082us build_start=11221us step=2
flutter: SO3 tap_to_frame=16444us build_start=10667us step=3
flutter: SO3 tap_to_frame=17529us build_start=12157us step=1
flutter: SO3 tap_to_frame=12345us build_start=6689us step=2
flutter: SO3 tap_to_frame=12090us build_start=6238us step=3
flutter: SO3 tap_to_frame=17390us build_start=13167us step=1
flutter: SO3 tap_to_frame=13116us build_start=7590us step=2
flutter: SO3 tap_to_frame=10922us build_start=5794us step=3
flutter: SO3 tap_to_frame=14109us build_start=9564us step=1
flutter: SO3 tap_to_frame=9874us build_start=4463us step=2
flutter: SO3 tap_to_frame=8321us build_start=3635us step=3
flutter: SO3 tap_to_frame=11130us build_start=5981us step=1
flutter: SO3 tap_to_frame=5557us build_start=514us step=2
flutter: SO3 tap_to_frame=5798us build_start=552us step=3
flutter: SO3 tap_to_frame=7508us build_start=2442us step=1
flutter: SO3 tap_to_frame=18986us build_start=13110us step=2
flutter: SO3 tap_to_frame=16677us build_start=11742us step=3
flutter: SO3 tap_to_frame=5965us build_start=667us step=1
flutter: SO3 tap_to_frame=17742us build_start=11303us step=2
flutter: SO3 tap_to_frame=17723us build_start=11188us step=3
flutter: SO3 tap_to_frame=4908us build_start=530us step=1
flutter: SO3 tap_to_frame=17853us build_start=12353us step=2
flutter: SO3 tap_to_frame=18427us build_start=13024us step=3
flutter: SO3 tap_to_frame=5516us build_start=521us step=1
flutter: SO3 tap_to_frame=17638us build_start=12226us step=2
flutter: SO3 tap_to_frame=16031us build_start=12583us step=3
flutter: SO3 tap_to_frame=6188us build_start=1798us step=1
flutter: SO3 tap_to_frame=18822us build_start=13343us step=2
flutter: SO3 tap_to_frame=17075us build_start=11995us step=3
flutter: SO3 tap_to_frame=5836us build_start=1174us step=1
flutter: SO3 tap_to_frame=18422us build_start=12378us step=2
flutter: SO3 tap_to_frame=16287us build_start=10960us step=3
flutter: SO3 tap_to_frame=4913us build_start=540us step=1
flutter: SO3 tap_to_frame=17781us build_start=11705us step=2
flutter: SO3 tap_to_frame=16814us build_start=12518us step=3
flutter: SO3 tap_to_frame=5160us build_start=522us step=1
flutter: SO3 tap_to_frame=15151us build_start=10195us step=2
flutter: SO3 tap_to_frame=13661us build_start=8296us step=3
flutter: SO3 tap_to_frame=5014us build_start=517us step=1
flutter: SO3 tap_to_frame=14502us build_start=9499us step=2
flutter: SO3 tap_to_frame=13966us build_start=8290us step=3
flutter: SO3 tap_to_frame=4854us build_start=538us step=1
flutter: SO3 tap_to_frame=15125us build_start=9821us step=2
flutter: SO3 tap_to_frame=15639us build_start=10678us step=3
flutter: SO3 tap_to_frame=18542us build_start=13137us step=1
flutter: SO3 tap_to_frame=14148us build_start=8838us step=2
flutter: SO3 tap_to_frame=11581us build_start=6144us step=3
flutter: SO3 tap_to_frame=16973us build_start=11793us step=1
flutter: SO3 tap_to_frame=11350us build_start=5605us step=2
flutter: SO3 tap_to_frame=9258us build_start=3868us step=3
flutter: SO3 tap_to_frame=14652us build_start=10008us step=1
flutter: SO3 tap_to_frame=10224us build_start=4741us step=2
flutter: SO3 tap_to_frame=6686us build_start=1422us step=3
flutter: SO3 tap_to_frame=5792us build_start=951us step=1
flutter: SO3 tap_to_frame=17821us build_start=12173us step=2
flutter: SO3 tap_to_frame=16297us build_start=10781us step=3
flutter: SO3 tap_to_frame=5014us build_start=477us step=1
flutter: SO3 tap_to_frame=14285us build_start=9582us step=2
flutter: SO3 tap_to_frame=13533us build_start=7840us step=3
flutter: SO3 tap_to_frame=17001us build_start=12275us step=1
flutter: SO3 tap_to_frame=13045us build_start=7437us step=2
flutter: SO3 tap_to_frame=11185us build_start=5721us step=3
flutter: SO3 tap_to_frame=14676us build_start=9927us step=1
flutter: SO3 tap_to_frame=9667us build_start=3988us step=2
flutter: SO3 tap_to_frame=8655us build_start=3200us step=3
flutter: SO3 tap_to_frame=14746us build_start=10718us step=1
flutter: SO3 tap_to_frame=11343us build_start=5797us step=2
flutter: SO3 tap_to_frame=9595us build_start=5732us step=3
flutter: SO3 tap_to_frame=13550us build_start=9568us step=1
flutter: SO3 tap_to_frame=9891us build_start=4406us step=2
flutter: SO3 tap_to_frame=8375us build_start=3785us step=3
flutter: SO3 tap_to_frame=17439us build_start=13110us step=1
flutter: SO3 tap_to_frame=13276us build_start=7446us step=2
flutter: SO3 tap_to_frame=10497us build_start=4882us step=3
flutter: SO3 tap_to_frame=16246us build_start=12426us step=1
flutter: SO3 tap_to_frame=13106us build_start=7588us step=2
flutter: SO3 tap_to_frame=11590us build_start=6286us step=3
flutter: SO3 tap_to_frame=16368us build_start=12186us step=1
flutter: SO3 tap_to_frame=12004us build_start=6438us step=2
flutter: SO3 tap_to_frame=10848us build_start=5487us step=3
flutter: SO3 tap_to_frame=16719us build_start=12398us step=1
flutter: SO3 tap_to_frame=12717us build_start=6888us step=2
flutter: SO3 tap_to_frame=10572us build_start=6057us step=3
flutter: SO3 tap_to_frame=15039us build_start=10886us step=1
flutter: SO3 tap_to_frame=11339us build_start=5707us step=2
flutter: SO3 tap_to_frame=7157us build_start=2112us step=3
flutter: SO3 tap_to_frame=8681us build_start=3999us step=1
flutter: SO3 tap_to_frame=5421us build_start=570us step=2
flutter: SO3 tap_to_frame=5292us build_start=946us step=3
flutter: SO3 tap_to_frame=7295us build_start=2302us step=1
flutter: SO3 tap_to_frame=18796us build_start=13167us step=2
flutter: SO3 tap_to_frame=18222us build_start=12399us step=3
flutter: SO3 tap_to_frame=4957us build_start=571us step=1
flutter: SO3 tap_to_frame=16245us build_start=11520us step=2
flutter: SO3 tap_to_frame=13383us build_start=7845us step=3
flutter: SO3 tap_to_frame=16763us build_start=11603us step=1
flutter: SO3 tap_to_frame=12113us build_start=6061us step=2
flutter: SO3 tap_to_frame=12100us build_start=6181us step=3
flutter: SO3 tap_to_frame=14398us build_start=9554us step=1
flutter: SO3 tap_to_frame=10261us build_start=3928us step=2
flutter: SO3 tap_to_frame=9845us build_start=4752us step=3
flutter: SO3 tap_to_frame=13777us build_start=9081us step=1
flutter: SO3 tap_to_frame=8956us build_start=3307us step=2
flutter: SO3 tap_to_frame=8428us build_start=2883us step=3
flutter: SO3 tap_to_frame=13834us build_start=8965us step=1
flutter: SO3 tap_to_frame=9043us build_start=3943us step=2
flutter: SO3 tap_to_frame=9631us build_start=4123us step=3
flutter: SO3 tap_to_frame=13732us build_start=9049us step=1
flutter: SO3 tap_to_frame=9168us build_start=3287us step=2
flutter: SO3 tap_to_frame=8162us build_start=3102us step=3
flutter: SO3 tap_to_frame=9752us build_start=4849us step=1
flutter: SO3 tap_to_frame=5351us build_start=571us step=2
flutter: SO3 tap_to_frame=5081us build_start=459us step=3
flutter: SO3 tap_to_frame=6053us build_start=1362us step=1
flutter: SO3 tap_to_frame=17722us build_start=11930us step=2
flutter: SO3 tap_to_frame=15396us build_start=9866us step=3
flutter: SO3 tap_to_frame=19283us build_start=13535us step=1
flutter: SO3 tap_to_frame=15416us build_start=9866us step=2
flutter: SO3 tap_to_frame=14660us build_start=9071us step=3
flutter: SO3 tap_to_frame=17599us build_start=12998us step=1
flutter: SO3 tap_to_frame=14662us build_start=9601us step=2
flutter: SO3 tap_to_frame=16709us build_start=11103us step=3
flutter: SO3 tap_to_frame=9218us build_start=5977us step=1
flutter: SO3 tap_to_frame=6021us build_start=2712us step=2
flutter: SO3 tap_to_frame=9316us build_start=5627us step=3
flutter: SO3 tap_to_frame=3624us build_start=347us step=1
flutter: SO3 tap_to_frame=15986us build_start=12443us step=2
flutter: SO3 tap_to_frame=17129us build_start=13393us step=3
flutter: SO3 tap_to_frame=4111us build_start=970us step=1
flutter: SO3 tap_to_frame=16384us build_start=13241us step=2
flutter: SO3 tap_to_frame=3849us build_start=312us step=3
flutter: SO3 tap_to_frame=15089us build_start=11630us step=1
flutter: SO3 tap_to_frame=12044us build_start=8281us step=2
flutter: SO3 tap_to_frame=14092us build_start=10475us step=3
flutter: SO3 tap_to_frame=4969us build_start=1109us step=1
flutter: SO3 tap_to_frame=18373us build_start=14283us step=2
flutter: SO3 tap_to_frame=3931us build_start=362us step=3
flutter: SO3 tap_to_frame=14429us build_start=11313us step=1
flutter: SO3 tap_to_frame=10941us build_start=7041us step=2
flutter: SO3 tap_to_frame=13471us build_start=9856us step=3
flutter: SO3 tap_to_frame=5898us build_start=2484us step=1
flutter: SO3 tap_to_frame=3793us build_start=358us step=2
flutter: SO3 tap_to_frame=6432us build_start=2788us step=3
flutter: 06:00 +1: (tearDownAll)
flutter: 06:00 +2: All tests passed!
All tests passed.
