Resolving dependencies...
Downloading packages...
  cross_file 0.3.5+2 (0.3.5+4 available)
  image_picker 1.2.2 (1.2.3 available)
  matcher 0.12.19 (0.12.20 available)
  meta 1.18.0 (1.18.3 available)
  test_api 0.7.11 (0.7.13 available)
  vector_math 2.2.0 (2.4.0 available)
Got dependencies!
6 packages have newer versions incompatible with dependency constraints.
Try `flutter pub outdated` for more information.
Developer identity "Apple Development: helmer.marvin@outlook.de (82A282L26H)" selected for iOS code signing
Running Xcode build...                                          
Xcode build done.                                            4.0s
Installing and launching...                                         7.2s
VMServiceFlutterDriver: Connecting to Flutter application at http://127.0.0.1:59281/LFRgX_WSsKc=/
VMServiceFlutterDriver: Isolate found with number: 144638898734795
VMServiceFlutterDriver: Isolate 144638898734795 is runnable.
VMServiceFlutterDriver: Isolate is paused at start.
VMServiceFlutterDriver: Attempting to resume isolate
flutter: 00:00 +0: SO3 series
VMServiceFlutterDriver: Connected to Flutter application.
flutter: SO3 tap_to_frame=7802us build_start=655us step=1
flutter: SO3 tap_to_frame=19477us build_start=12650us step=2
flutter: SO3 tap_to_frame=20956us build_start=12736us step=3
flutter: SO3 tap_to_frame=5028us build_start=554us step=1
flutter: SO3 tap_to_frame=16335us build_start=10641us step=2
flutter: SO3 tap_to_frame=15018us build_start=9897us step=3
flutter: SO3 tap_to_frame=17892us build_start=12817us step=1
flutter: SO3 tap_to_frame=12336us build_start=7094us step=2
flutter: SO3 tap_to_frame=10929us build_start=5583us step=3
flutter: SO3 tap_to_frame=14771us build_start=9979us step=1
flutter: SO3 tap_to_frame=9386us build_start=5625us step=2
flutter: SO3 tap_to_frame=9644us build_start=3976us step=3
flutter: SO3 tap_to_frame=10882us build_start=5769us step=1
flutter: SO3 tap_to_frame=5671us build_start=718us step=2
flutter: SO3 tap_to_frame=5613us build_start=520us step=3
flutter: SO3 tap_to_frame=9299us build_start=4320us step=1
flutter: SO3 tap_to_frame=5462us build_start=548us step=2
flutter: SO3 tap_to_frame=5689us build_start=590us step=3
flutter: SO3 tap_to_frame=5991us build_start=1589us step=1
flutter: SO3 tap_to_frame=19039us build_start=13121us step=2
flutter: SO3 tap_to_frame=18229us build_start=13079us step=3
flutter: SO3 tap_to_frame=4764us build_start=523us step=1
flutter: SO3 tap_to_frame=14513us build_start=8944us step=2
flutter: SO3 tap_to_frame=12866us build_start=7792us step=3
flutter: SO3 tap_to_frame=17132us build_start=12413us step=1
flutter: SO3 tap_to_frame=11989us build_start=6338us step=2
flutter: SO3 tap_to_frame=9084us build_start=4562us step=3
flutter: SO3 tap_to_frame=12166us build_start=7174us step=1
flutter: SO3 tap_to_frame=6981us build_start=1378us step=2
flutter: SO3 tap_to_frame=5373us build_start=476us step=3
flutter: SO3 tap_to_frame=5152us build_start=600us step=1
flutter: SO3 tap_to_frame=17117us build_start=11339us step=2
flutter: SO3 tap_to_frame=15979us build_start=10446us step=3
flutter: SO3 tap_to_frame=17827us build_start=12445us step=1
flutter: SO3 tap_to_frame=12032us build_start=6643us step=2
flutter: SO3 tap_to_frame=9259us build_start=4520us step=3
flutter: SO3 tap_to_frame=13421us build_start=8638us step=1
flutter: SO3 tap_to_frame=8837us build_start=3101us step=2
flutter: SO3 tap_to_frame=7830us build_start=3232us step=3
flutter: SO3 tap_to_frame=11045us build_start=6175us step=1
flutter: SO3 tap_to_frame=5320us build_start=1940us step=2
flutter: SO3 tap_to_frame=8993us build_start=3680us step=3
flutter: SO3 tap_to_frame=16797us build_start=11826us step=1
flutter: SO3 tap_to_frame=11390us build_start=6015us step=2
flutter: SO3 tap_to_frame=9476us build_start=4229us step=3
flutter: SO3 tap_to_frame=15091us build_start=11380us step=1
flutter: SO3 tap_to_frame=11287us build_start=5758us step=2
flutter: SO3 tap_to_frame=10922us build_start=5528us step=3
flutter: SO3 tap_to_frame=17517us build_start=12325us step=1
flutter: SO3 tap_to_frame=13315us build_start=7564us step=2
flutter: SO3 tap_to_frame=11418us build_start=5999us step=3
flutter: SO3 tap_to_frame=17518us build_start=13834us step=1
flutter: SO3 tap_to_frame=15317us build_start=8911us step=2
flutter: SO3 tap_to_frame=14675us build_start=9544us step=3
flutter: SO3 tap_to_frame=16574us build_start=11869us step=1
flutter: SO3 tap_to_frame=12020us build_start=6584us step=2
flutter: SO3 tap_to_frame=11759us build_start=7611us step=3
flutter: SO3 tap_to_frame=16362us build_start=11361us step=1
flutter: SO3 tap_to_frame=11021us build_start=5623us step=2
flutter: SO3 tap_to_frame=9741us build_start=4551us step=3
flutter: SO3 tap_to_frame=15578us build_start=10700us step=1
flutter: SO3 tap_to_frame=12766us build_start=5647us step=2
flutter: SO3 tap_to_frame=12298us build_start=6786us step=3
flutter: SO3 tap_to_frame=16705us build_start=11895us step=1
flutter: SO3 tap_to_frame=12318us build_start=6615us step=2
flutter: SO3 tap_to_frame=11751us build_start=6253us step=3
flutter: SO3 tap_to_frame=18156us build_start=13063us step=1
flutter: SO3 tap_to_frame=13421us build_start=7448us step=2
flutter: SO3 tap_to_frame=11101us build_start=6433us step=3
flutter: SO3 tap_to_frame=4999us build_start=519us step=1
flutter: SO3 tap_to_frame=14952us build_start=9010us step=2
flutter: SO3 tap_to_frame=13115us build_start=8009us step=3
flutter: SO3 tap_to_frame=14982us build_start=9924us step=1
flutter: SO3 tap_to_frame=9172us build_start=3747us step=2
flutter: SO3 tap_to_frame=7627us build_start=2335us step=3
flutter: SO3 tap_to_frame=8112us build_start=2689us step=1
flutter: SO3 tap_to_frame=5731us build_start=508us step=2
flutter: SO3 tap_to_frame=5146us build_start=591us step=3
flutter: SO3 tap_to_frame=6261us build_start=1664us step=1
flutter: SO3 tap_to_frame=18822us build_start=13129us step=2
flutter: SO3 tap_to_frame=5378us build_start=489us step=3
flutter: SO3 tap_to_frame=5112us build_start=473us step=1
flutter: SO3 tap_to_frame=17394us build_start=12603us step=2
flutter: SO3 tap_to_frame=18266us build_start=12977us step=3
flutter: SO3 tap_to_frame=4719us build_start=472us step=1
flutter: SO3 tap_to_frame=17822us build_start=11907us step=2
flutter: SO3 tap_to_frame=15744us build_start=11067us step=3
flutter: SO3 tap_to_frame=5260us build_start=592us step=1
flutter: SO3 tap_to_frame=15149us build_start=9310us step=2
flutter: SO3 tap_to_frame=15968us build_start=10239us step=3
flutter: SO3 tap_to_frame=5451us build_start=630us step=1
flutter: SO3 tap_to_frame=16553us build_start=10911us step=2
flutter: SO3 tap_to_frame=15519us build_start=9981us step=3
flutter: SO3 tap_to_frame=17996us build_start=12863us step=1
flutter: SO3 tap_to_frame=13777us build_start=8048us step=2
flutter: SO3 tap_to_frame=8946us build_start=3794us step=3
flutter: SO3 tap_to_frame=14489us build_start=9491us step=1
flutter: SO3 tap_to_frame=9103us build_start=3929us step=2
flutter: SO3 tap_to_frame=8190us build_start=2781us step=3
flutter: SO3 tap_to_frame=11017us build_start=6526us step=1
flutter: SO3 tap_to_frame=5928us build_start=1449us step=2
flutter: SO3 tap_to_frame=5354us build_start=520us step=3
flutter: SO3 tap_to_frame=8038us build_start=2695us step=1
flutter: SO3 tap_to_frame=19797us build_start=13589us step=2
flutter: SO3 tap_to_frame=15825us build_start=11111us step=3
flutter: SO3 tap_to_frame=16199us build_start=11806us step=1
flutter: SO3 tap_to_frame=12914us build_start=7494us step=2
flutter: SO3 tap_to_frame=9717us build_start=4347us step=3
flutter: SO3 tap_to_frame=14714us build_start=9933us step=1
flutter: SO3 tap_to_frame=10225us build_start=6695us step=2
flutter: SO3 tap_to_frame=13357us build_start=7596us step=3
flutter: SO3 tap_to_frame=16708us build_start=11967us step=1
flutter: SO3 tap_to_frame=12282us build_start=6811us step=2
flutter: SO3 tap_to_frame=10792us build_start=5399us step=3
flutter: SO3 tap_to_frame=16307us build_start=11833us step=1
flutter: SO3 tap_to_frame=12054us build_start=6253us step=2
flutter: SO3 tap_to_frame=10469us build_start=6327us step=3
flutter: SO3 tap_to_frame=16529us build_start=11908us step=1
flutter: SO3 tap_to_frame=11916us build_start=6265us step=2
flutter: SO3 tap_to_frame=11332us build_start=6013us step=3
flutter: SO3 tap_to_frame=16443us build_start=11768us step=1
flutter: SO3 tap_to_frame=12101us build_start=6840us step=2
flutter: SO3 tap_to_frame=9908us build_start=4420us step=3
flutter: SO3 tap_to_frame=13812us build_start=9127us step=1
flutter: SO3 tap_to_frame=8529us build_start=2900us step=2
flutter: SO3 tap_to_frame=8128us build_start=2668us step=3
flutter: SO3 tap_to_frame=15536us build_start=12212us step=1
flutter: SO3 tap_to_frame=13217us build_start=8612us step=2
flutter: SO3 tap_to_frame=13859us build_start=8212us step=3
flutter: SO3 tap_to_frame=17632us build_start=12426us step=1
flutter: SO3 tap_to_frame=12495us build_start=6679us step=2
flutter: SO3 tap_to_frame=11118us build_start=5551us step=3
flutter: SO3 tap_to_frame=14436us build_start=9767us step=1
flutter: SO3 tap_to_frame=10470us build_start=5000us step=2
flutter: SO3 tap_to_frame=9682us build_start=4942us step=3
flutter: SO3 tap_to_frame=16876us build_start=12172us step=1
flutter: SO3 tap_to_frame=12512us build_start=7101us step=2
flutter: SO3 tap_to_frame=11257us build_start=5904us step=3
flutter: SO3 tap_to_frame=17174us build_start=12317us step=1
flutter: SO3 tap_to_frame=12076us build_start=7152us step=2
flutter: SO3 tap_to_frame=14368us build_start=8863us step=3
flutter: SO3 tap_to_frame=5449us build_start=613us step=1
flutter: SO3 tap_to_frame=16926us build_start=11474us step=2
flutter: SO3 tap_to_frame=16419us build_start=10705us step=3
flutter: SO3 tap_to_frame=5845us build_start=523us step=1
flutter: SO3 tap_to_frame=15169us build_start=9711us step=2
flutter: SO3 tap_to_frame=15131us build_start=9678us step=3
flutter: SO3 tap_to_frame=5376us build_start=627us step=1
flutter: SO3 tap_to_frame=14478us build_start=8848us step=2
flutter: SO3 tap_to_frame=11840us build_start=6572us step=3
flutter: SO3 tap_to_frame=15767us build_start=11924us step=1
flutter: SO3 tap_to_frame=11590us build_start=6636us step=2
flutter: SO3 tap_to_frame=13684us build_start=7990us step=3
flutter: SO3 tap_to_frame=17541us build_start=12785us step=1
flutter: SO3 tap_to_frame=12929us build_start=7498us step=2
flutter: SO3 tap_to_frame=10874us build_start=4364us step=3
flutter: SO3 tap_to_frame=13970us build_start=10385us step=1
flutter: SO3 tap_to_frame=11196us build_start=5652us step=2
flutter: SO3 tap_to_frame=11575us build_start=6495us step=3
flutter: SO3 tap_to_frame=14727us build_start=10009us step=1
flutter: SO3 tap_to_frame=10021us build_start=4390us step=2
flutter: SO3 tap_to_frame=6889us build_start=2138us step=3
flutter: SO3 tap_to_frame=7164us build_start=2722us step=1
flutter: SO3 tap_to_frame=18710us build_start=13313us step=2
flutter: SO3 tap_to_frame=17012us build_start=12195us step=3
flutter: SO3 tap_to_frame=5411us build_start=557us step=1
flutter: SO3 tap_to_frame=15639us build_start=10223us step=2
flutter: SO3 tap_to_frame=13188us build_start=8078us step=3
flutter: SO3 tap_to_frame=17061us build_start=12807us step=1
flutter: SO3 tap_to_frame=13697us build_start=8332us step=2
flutter: SO3 tap_to_frame=11607us build_start=6335us step=3
flutter: SO3 tap_to_frame=5134us build_start=535us step=1
flutter: SO3 tap_to_frame=14646us build_start=9206us step=2
flutter: SO3 tap_to_frame=12607us build_start=7804us step=3
flutter: SO3 tap_to_frame=16924us build_start=12659us step=1
flutter: SO3 tap_to_frame=13846us build_start=7927us step=2
flutter: SO3 tap_to_frame=14366us build_start=9611us step=3
flutter: SO3 tap_to_frame=5038us build_start=516us step=1
flutter: SO3 tap_to_frame=14740us build_start=8916us step=2
flutter: SO3 tap_to_frame=14706us build_start=9000us step=3
flutter: SO3 tap_to_frame=17730us build_start=12949us step=1
flutter: SO3 tap_to_frame=14600us build_start=8826us step=2
flutter: SO3 tap_to_frame=11099us build_start=5772us step=3
flutter: SO3 tap_to_frame=14172us build_start=9308us step=1
flutter: SO3 tap_to_frame=10383us build_start=5176us step=2
flutter: SO3 tap_to_frame=11596us build_start=6477us step=3
flutter: SO3 tap_to_frame=16590us build_start=12574us step=1
flutter: SO3 tap_to_frame=13587us build_start=7582us step=2
flutter: SO3 tap_to_frame=10512us build_start=4325us step=3
flutter: SO3 tap_to_frame=14448us build_start=9650us step=1
flutter: SO3 tap_to_frame=10140us build_start=4518us step=2
flutter: SO3 tap_to_frame=8847us build_start=3417us step=3
flutter: SO3 tap_to_frame=14951us build_start=9883us step=1
flutter: SO3 tap_to_frame=9806us build_start=4273us step=2
flutter: SO3 tap_to_frame=7091us build_start=2331us step=3
flutter: SO3 tap_to_frame=4953us build_start=579us step=1
flutter: SO3 tap_to_frame=17130us build_start=11144us step=2
flutter: SO3 tap_to_frame=15918us build_start=10960us step=3
flutter: SO3 tap_to_frame=5274us build_start=711us step=1
flutter: SO3 tap_to_frame=13620us build_start=7725us step=2
flutter: SO3 tap_to_frame=10221us build_start=6086us step=3
flutter: SO3 tap_to_frame=16542us build_start=11497us step=1
flutter: SO3 tap_to_frame=12585us build_start=6729us step=2
flutter: SO3 tap_to_frame=12423us build_start=6547us step=3
flutter: SO3 tap_to_frame=16337us build_start=12175us step=1
flutter: SO3 tap_to_frame=12113us build_start=6781us step=2
flutter: SO3 tap_to_frame=9529us build_start=4434us step=3
flutter: SO3 tap_to_frame=14230us build_start=9809us step=1
flutter: SO3 tap_to_frame=9978us build_start=4437us step=2
flutter: SO3 tap_to_frame=7851us build_start=2576us step=3
flutter: SO3 tap_to_frame=7786us build_start=3546us step=1
flutter: SO3 tap_to_frame=5155us build_start=523us step=2
flutter: SO3 tap_to_frame=4114us build_start=387us step=3
flutter: SO3 tap_to_frame=6511us build_start=2135us step=1
flutter: SO3 tap_to_frame=17969us build_start=13133us step=2
flutter: SO3 tap_to_frame=16560us build_start=11103us step=3
flutter: SO3 tap_to_frame=17365us build_start=12373us step=1
flutter: SO3 tap_to_frame=12551us build_start=6788us step=2
flutter: SO3 tap_to_frame=13972us build_start=8114us step=3
flutter: SO3 tap_to_frame=17573us build_start=12347us step=1
flutter: SO3 tap_to_frame=13021us build_start=6749us step=2
flutter: SO3 tap_to_frame=11972us build_start=6773us step=3
flutter: SO3 tap_to_frame=18073us build_start=13408us step=1
flutter: SO3 tap_to_frame=14782us build_start=8487us step=2
flutter: SO3 tap_to_frame=11781us build_start=7199us step=3
flutter: SO3 tap_to_frame=13655us build_start=10081us step=1
flutter: SO3 tap_to_frame=10951us build_start=5185us step=2
flutter: SO3 tap_to_frame=9275us build_start=3857us step=3
flutter: SO3 tap_to_frame=10125us build_start=5464us step=1
flutter: SO3 tap_to_frame=5447us build_start=554us step=2
flutter: SO3 tap_to_frame=4916us build_start=517us step=3
flutter: SO3 tap_to_frame=8465us build_start=2470us step=1
flutter: SO3 tap_to_frame=18882us build_start=13232us step=2
flutter: SO3 tap_to_frame=18290us build_start=13178us step=3
flutter: SO3 tap_to_frame=16799us build_start=11795us step=1
flutter: SO3 tap_to_frame=12339us build_start=6240us step=2
flutter: SO3 tap_to_frame=10178us build_start=4914us step=3
flutter: SO3 tap_to_frame=17515us build_start=13333us step=1
flutter: SO3 tap_to_frame=14575us build_start=8674us step=2
flutter: SO3 tap_to_frame=12421us build_start=7809us step=3
flutter: SO3 tap_to_frame=18378us build_start=12797us step=1
flutter: SO3 tap_to_frame=12785us build_start=7263us step=2
flutter: SO3 tap_to_frame=10799us build_start=5485us step=3
flutter: SO3 tap_to_frame=13711us build_start=8941us step=1
flutter: SO3 tap_to_frame=8971us build_start=3280us step=2
flutter: SO3 tap_to_frame=8906us build_start=4024us step=3
flutter: SO3 tap_to_frame=10773us build_start=5921us step=1
flutter: SO3 tap_to_frame=5531us build_start=492us step=2
flutter: SO3 tap_to_frame=5332us build_start=477us step=3
flutter: SO3 tap_to_frame=8741us build_start=4394us step=1
flutter: SO3 tap_to_frame=5700us build_start=533us step=2
flutter: SO3 tap_to_frame=4046us build_start=399us step=3
flutter: SO3 tap_to_frame=4928us build_start=598us step=1
flutter: SO3 tap_to_frame=15004us build_start=10851us step=2
flutter: SO3 tap_to_frame=16590us build_start=10892us step=3
flutter: SO3 tap_to_frame=16824us build_start=11904us step=1
flutter: SO3 tap_to_frame=12373us build_start=6479us step=2
flutter: SO3 tap_to_frame=11081us build_start=5924us step=3
flutter: SO3 tap_to_frame=14164us build_start=10077us step=1
flutter: SO3 tap_to_frame=9877us build_start=4327us step=2
flutter: SO3 tap_to_frame=6807us build_start=2139us step=3
flutter: SO3 tap_to_frame=7096us build_start=2300us step=1
flutter: SO3 tap_to_frame=19101us build_start=13332us step=2
flutter: SO3 tap_to_frame=18787us build_start=13038us step=3
flutter: SO3 tap_to_frame=4941us build_start=526us step=1
flutter: SO3 tap_to_frame=16655us build_start=11129us step=2
flutter: SO3 tap_to_frame=15669us build_start=10893us step=3
flutter: SO3 tap_to_frame=17615us build_start=12951us step=1
flutter: SO3 tap_to_frame=13061us build_start=7349us step=2
flutter: SO3 tap_to_frame=11294us build_start=5623us step=3
flutter: SO3 tap_to_frame=16961us build_start=12241us step=1
flutter: SO3 tap_to_frame=12436us build_start=7028us step=2
flutter: SO3 tap_to_frame=10860us build_start=5697us step=3
flutter: SO3 tap_to_frame=17465us build_start=12831us step=1
flutter: SO3 tap_to_frame=14611us build_start=8783us step=2
flutter: SO3 tap_to_frame=14683us build_start=8914us step=3
flutter: SO3 tap_to_frame=17947us build_start=12873us step=1
flutter: SO3 tap_to_frame=12293us build_start=7527us step=2
flutter: SO3 tap_to_frame=12285us build_start=6831us step=3
flutter: SO3 tap_to_frame=13952us build_start=9272us step=1
flutter: SO3 tap_to_frame=9250us build_start=3621us step=2
flutter: SO3 tap_to_frame=8353us build_start=2853us step=3
flutter: SO3 tap_to_frame=8856us build_start=4000us step=1
flutter: SO3 tap_to_frame=5380us build_start=513us step=2
flutter: SO3 tap_to_frame=17283us build_start=11822us step=3
flutter: SO3 tap_to_frame=5551us build_start=517us step=1
flutter: SO3 tap_to_frame=17388us build_start=11593us step=2
flutter: SO3 tap_to_frame=15360us build_start=9988us step=3
flutter: SO3 tap_to_frame=5486us build_start=515us step=1
flutter: SO3 tap_to_frame=16515us build_start=11385us step=2
flutter: SO3 tap_to_frame=16517us build_start=11095us step=3
flutter: SO3 tap_to_frame=4760us build_start=566us step=1
flutter: SO3 tap_to_frame=16631us build_start=11103us step=2
flutter: SO3 tap_to_frame=16167us build_start=10986us step=3
flutter: SO3 tap_to_frame=4676us build_start=482us step=1
flutter: SO3 tap_to_frame=15517us build_start=9738us step=2
flutter: SO3 tap_to_frame=14716us build_start=9043us step=3
flutter: SO3 tap_to_frame=16713us build_start=11769us step=1
flutter: SO3 tap_to_frame=12094us build_start=6654us step=2
flutter: SO3 tap_to_frame=11407us build_start=5784us step=3
flutter: SO3 tap_to_frame=18279us build_start=13057us step=1
flutter: SO3 tap_to_frame=13453us build_start=7654us step=2
flutter: SO3 tap_to_frame=11789us build_start=6657us step=3
flutter: SO3 tap_to_frame=16885us build_start=12196us step=1
flutter: SO3 tap_to_frame=12318us build_start=6628us step=2
flutter: SO3 tap_to_frame=10285us build_start=5070us step=3
flutter: SO3 tap_to_frame=9843us build_start=4949us step=1
flutter: SO3 tap_to_frame=5859us build_start=547us step=2
flutter: SO3 tap_to_frame=5530us build_start=532us step=3
flutter: SO3 tap_to_frame=5056us build_start=538us step=1
flutter: SO3 tap_to_frame=17364us build_start=11867us step=2
flutter: SO3 tap_to_frame=16295us build_start=11185us step=3
flutter: SO3 tap_to_frame=4812us build_start=551us step=1
flutter: SO3 tap_to_frame=16693us build_start=11102us step=2
flutter: SO3 tap_to_frame=15519us build_start=10160us step=3
flutter: SO3 tap_to_frame=17966us build_start=13192us step=1
flutter: SO3 tap_to_frame=13574us build_start=8007us step=2
flutter: SO3 tap_to_frame=13873us build_start=8421us step=3
flutter: SO3 tap_to_frame=16907us build_start=12020us step=1
flutter: SO3 tap_to_frame=12696us build_start=7211us step=2
flutter: SO3 tap_to_frame=11653us build_start=6032us step=3
flutter: SO3 tap_to_frame=16302us build_start=12050us step=1
flutter: SO3 tap_to_frame=13128us build_start=8293us step=2
flutter: SO3 tap_to_frame=12192us build_start=6922us step=3
flutter: SO3 tap_to_frame=16979us build_start=12237us step=1
flutter: SO3 tap_to_frame=12476us build_start=7066us step=2
flutter: SO3 tap_to_frame=10669us build_start=5308us step=3
flutter: SO3 tap_to_frame=17226us build_start=12232us step=1
flutter: SO3 tap_to_frame=13112us build_start=7174us step=2
flutter: SO3 tap_to_frame=9953us build_start=4924us step=3
flutter: SO3 tap_to_frame=14551us build_start=9624us step=1
flutter: SO3 tap_to_frame=9814us build_start=4299us step=2
flutter: SO3 tap_to_frame=10271us build_start=5172us step=3
flutter: SO3 tap_to_frame=17151us build_start=13694us step=1
flutter: SO3 tap_to_frame=14406us build_start=8776us step=2
flutter: SO3 tap_to_frame=12982us build_start=7451us step=3
flutter: SO3 tap_to_frame=5171us build_start=543us step=1
flutter: SO3 tap_to_frame=16653us build_start=10415us step=2
flutter: SO3 tap_to_frame=14056us build_start=10619us step=3
flutter: SO3 tap_to_frame=7284us build_start=3379us step=1
flutter: SO3 tap_to_frame=3644us build_start=363us step=2
flutter: SO3 tap_to_frame=4924us build_start=1613us step=3
flutter: SO3 tap_to_frame=14945us build_start=11647us step=1
flutter: SO3 tap_to_frame=10992us build_start=7506us step=2
flutter: SO3 tap_to_frame=13567us build_start=10090us step=3
flutter: SO3 tap_to_frame=7554us build_start=4446us step=1
flutter: SO3 tap_to_frame=4302us build_start=1090us step=2
flutter: SO3 tap_to_frame=5675us build_start=2126us step=3
flutter: SO3 tap_to_frame=16857us build_start=13103us step=1
flutter: SO3 tap_to_frame=12369us build_start=8626us step=2
flutter: SO3 tap_to_frame=14899us build_start=11568us step=3
flutter: SO3 tap_to_frame=9000us build_start=5182us step=1
flutter: SO3 tap_to_frame=4113us build_start=412us step=2
flutter: SO3 tap_to_frame=7284us build_start=3392us step=3
flutter: SO3 tap_to_frame=17224us build_start=13704us step=1
flutter: SO3 tap_to_frame=12854us build_start=9208us step=2
flutter: SO3 tap_to_frame=15308us build_start=11800us step=3
flutter: SO3 tap_to_frame=7706us build_start=4380us step=1
flutter: SO3 tap_to_frame=4958us build_start=1185us step=2
flutter: SO3 tap_to_frame=5609us build_start=2477us step=3
flutter: SO3 tap_to_frame=2036us build_start=273us step=1
flutter: SO3 tap_to_frame=14747us build_start=12659us step=2
flutter: SO3 tap_to_frame=17625us build_start=13662us step=3
flutter: SO3 tap_to_frame=7932us build_start=4519us step=1
flutter: SO3 tap_to_frame=4502us build_start=462us step=2
flutter: SO3 tap_to_frame=6002us build_start=2393us step=3
flutter: SO3 tap_to_frame=12218us build_start=8981us step=1
flutter: SO3 tap_to_frame=9274us build_start=5631us step=2
flutter: SO3 tap_to_frame=11837us build_start=8436us step=3
flutter: SO3 tap_to_frame=3680us build_start=423us step=1
flutter: SO3 tap_to_frame=16276us build_start=12482us step=2
flutter: SO3 tap_to_frame=3504us build_start=367us step=3
flutter: SO3 tap_to_frame=9814us build_start=6223us step=1
flutter: SO3 tap_to_frame=5749us build_start=1631us step=2
flutter: SO3 tap_to_frame=8496us build_start=4469us step=3
flutter: SO3 tap_to_frame=16895us build_start=13340us step=1
flutter: SO3 tap_to_frame=13922us build_start=9856us step=2
flutter: SO3 tap_to_frame=14132us build_start=10195us step=3
flutter: SO3 tap_to_frame=7517us build_start=4403us step=1
flutter: SO3 tap_to_frame=3706us build_start=401us step=2
flutter: SO3 tap_to_frame=8398us build_start=5147us step=3
flutter: SO3 tap_to_frame=16549us build_start=13201us step=1
flutter: SO3 tap_to_frame=14149us build_start=8611us step=2
flutter: SO3 tap_to_frame=15076us build_start=11967us step=3
flutter: SO3 tap_to_frame=8041us build_start=4821us step=1
flutter: SO3 tap_to_frame=4410us build_start=1126us step=2
flutter: SO3 tap_to_frame=7891us build_start=4342us step=3
flutter: SO3 tap_to_frame=5951us build_start=864us step=1
flutter: SO3 tap_to_frame=17005us build_start=11055us step=2
flutter: SO3 tap_to_frame=16562us build_start=10720us step=3
flutter: SO3 tap_to_frame=3639us build_start=376us step=1
flutter: SO3 tap_to_frame=19544us build_start=14785us step=2
flutter: SO3 tap_to_frame=5516us build_start=2080us step=3
flutter: SO3 tap_to_frame=15420us build_start=12263us step=1
flutter: SO3 tap_to_frame=11888us build_start=8317us step=2
flutter: SO3 tap_to_frame=16459us build_start=12833us step=3
flutter: SO3 tap_to_frame=6684us build_start=3479us step=1
flutter: SO3 tap_to_frame=3838us build_start=399us step=2
flutter: SO3 tap_to_frame=8226us build_start=5007us step=3
flutter: SO3 tap_to_frame=3709us build_start=600us step=1
flutter: SO3 tap_to_frame=16475us build_start=13056us step=2
flutter: SO3 tap_to_frame=3717us build_start=573us step=3
flutter: SO3 tap_to_frame=12237us build_start=8956us step=1
flutter: SO3 tap_to_frame=7761us build_start=4645us step=2
flutter: SO3 tap_to_frame=11419us build_start=7782us step=3
flutter: SO3 tap_to_frame=5197us build_start=1746us step=1
flutter: SO3 tap_to_frame=17739us build_start=13642us step=2
flutter: SO3 tap_to_frame=5698us build_start=2133us step=3
flutter: SO3 tap_to_frame=12370us build_start=8806us step=1
flutter: SO3 tap_to_frame=7690us build_start=4389us step=2
flutter: SO3 tap_to_frame=10715us build_start=7400us step=3
flutter: SO3 tap_to_frame=3993us build_start=691us step=1
flutter: SO3 tap_to_frame=17644us build_start=13858us step=2
flutter: SO3 tap_to_frame=4094us build_start=407us step=3
flutter: SO3 tap_to_frame=10301us build_start=7238us step=1
flutter: SO3 tap_to_frame=7229us build_start=3908us step=2
flutter: SO3 tap_to_frame=11294us build_start=7427us step=3
flutter: SO3 tap_to_frame=5000us build_start=1663us step=1
flutter: SO3 tap_to_frame=18167us build_start=14275us step=2
flutter: SO3 tap_to_frame=3881us build_start=378us step=3
flutter: SO3 tap_to_frame=8602us build_start=5477us step=1
flutter: SO3 tap_to_frame=5818us build_start=2304us step=2
flutter: SO3 tap_to_frame=7778us build_start=4333us step=3
flutter: SO3 tap_to_frame=17557us build_start=13815us step=1
flutter: SO3 tap_to_frame=13869us build_start=10002us step=2
flutter: SO3 tap_to_frame=16307us build_start=12672us step=3
flutter: SO3 tap_to_frame=7169us build_start=4086us step=1
flutter: SO3 tap_to_frame=3759us build_start=392us step=2
flutter: SO3 tap_to_frame=6089us build_start=2681us step=3
flutter: SO3 tap_to_frame=17810us build_start=14238us step=1
flutter: SO3 tap_to_frame=14577us build_start=11166us step=2
flutter: SO3 tap_to_frame=15594us build_start=12378us step=3
flutter: SO3 tap_to_frame=6869us build_start=3614us step=1
flutter: SO3 tap_to_frame=4289us build_start=440us step=2
flutter: SO3 tap_to_frame=6134us build_start=2821us step=3
flutter: SO3 tap_to_frame=3895us build_start=477us step=1
flutter: SO3 tap_to_frame=15128us build_start=11623us step=2
flutter: SO3 tap_to_frame=15488us build_start=11842us step=3
flutter: SO3 tap_to_frame=8306us build_start=4627us step=1
flutter: SO3 tap_to_frame=4923us build_start=627us step=2
flutter: SO3 tap_to_frame=4500us build_start=1215us step=3
flutter: SO3 tap_to_frame=9805us build_start=6506us step=1
flutter: SO3 tap_to_frame=6735us build_start=3003us step=2
flutter: SO3 tap_to_frame=7730us build_start=3899us step=3
flutter: SO3 tap_to_frame=15946us build_start=13046us step=1
flutter: SO3 tap_to_frame=12504us build_start=9234us step=2
flutter: SO3 tap_to_frame=16384us build_start=12882us step=3
flutter: SO3 tap_to_frame=6956us build_start=3513us step=1
flutter: SO3 tap_to_frame=4288us build_start=623us step=2
flutter: SO3 tap_to_frame=7034us build_start=1918us step=3
flutter: SO3 tap_to_frame=11669us build_start=8082us step=1
flutter: SO3 tap_to_frame=7794us build_start=4446us step=2
flutter: SO3 tap_to_frame=10881us build_start=7247us step=3
flutter: SO3 tap_to_frame=6502us build_start=3211us step=1
flutter: SO3 tap_to_frame=4019us build_start=453us step=2
flutter: SO3 tap_to_frame=6529us build_start=3069us step=3
flutter: SO3 tap_to_frame=17030us build_start=13351us step=1
flutter: SO3 tap_to_frame=13307us build_start=9600us step=2
flutter: SO3 tap_to_frame=16059us build_start=12535us step=3
flutter: SO3 tap_to_frame=9353us build_start=5782us step=1
flutter: SO3 tap_to_frame=6420us build_start=2562us step=2
flutter: SO3 tap_to_frame=3916us build_start=582us step=3
flutter: SO3 tap_to_frame=14847us build_start=11952us step=1
flutter: SO3 tap_to_frame=11867us build_start=8587us step=2
flutter: SO3 tap_to_frame=16134us build_start=12831us step=3
flutter: SO3 tap_to_frame=7188us build_start=4166us step=1
flutter: SO3 tap_to_frame=3921us build_start=416us step=2
flutter: SO3 tap_to_frame=8125us build_start=4660us step=3
flutter: SO3 tap_to_frame=17259us build_start=13529us step=1
flutter: SO3 tap_to_frame=14507us build_start=10734us step=2
flutter: SO3 tap_to_frame=16237us build_start=12712us step=3
flutter: SO3 tap_to_frame=9692us build_start=6530us step=1
flutter: SO3 tap_to_frame=5469us build_start=2170us step=2
flutter: SO3 tap_to_frame=7715us build_start=4515us step=3
flutter: SO3 tap_to_frame=3769us build_start=382us step=1
flutter: SO3 tap_to_frame=15857us build_start=12520us step=2
flutter: SO3 tap_to_frame=3803us build_start=376us step=3
flutter: SO3 tap_to_frame=11082us build_start=7918us step=1
flutter: SO3 tap_to_frame=7409us build_start=3863us step=2
flutter: SO3 tap_to_frame=10892us build_start=7540us step=3
flutter: SO3 tap_to_frame=7701us build_start=4403us step=1
flutter: SO3 tap_to_frame=4088us build_start=696us step=2
flutter: SO3 tap_to_frame=8894us build_start=4306us step=3
flutter: SO3 tap_to_frame=4387us build_start=594us step=1
flutter: SO3 tap_to_frame=14860us build_start=10303us step=2
flutter: SO3 tap_to_frame=16166us build_start=12735us step=3
flutter: SO3 tap_to_frame=9491us build_start=6042us step=1
flutter: SO3 tap_to_frame=5051us build_start=1785us step=2
flutter: SO3 tap_to_frame=8075us build_start=4629us step=3
flutter: SO3 tap_to_frame=3731us build_start=478us step=1
flutter: SO3 tap_to_frame=15703us build_start=12550us step=2
flutter: SO3 tap_to_frame=14331us build_start=11065us step=3
flutter: SO3 tap_to_frame=8935us build_start=5494us step=1
flutter: SO3 tap_to_frame=4327us build_start=1081us step=2
flutter: SO3 tap_to_frame=6405us build_start=2802us step=3
flutter: SO3 tap_to_frame=3958us build_start=463us step=1
flutter: SO3 tap_to_frame=17218us build_start=13457us step=2
flutter: SO3 tap_to_frame=4224us build_start=706us step=3
flutter: SO3 tap_to_frame=14327us build_start=11188us step=1
flutter: SO3 tap_to_frame=10121us build_start=6665us step=2
flutter: SO3 tap_to_frame=11655us build_start=8154us step=3
flutter: SO3 tap_to_frame=3810us build_start=458us step=1
flutter: SO3 tap_to_frame=16279us build_start=12794us step=2
flutter: SO3 tap_to_frame=3811us build_start=406us step=3
flutter: 06:01 +1: (tearDownAll)
flutter: 06:01 +2: All tests passed!
All tests passed.
