Resolving dependencies...
Downloading packages...
  cross_file 0.3.5+2 (0.3.5+4 available)
  image_picker 1.2.2 (1.2.3 available)
  matcher 0.12.19 (0.12.20 available)
  meta 1.18.0 (1.18.3 available)
  package_config 2.2.0 (3.0.0 available)
  path_provider_foundation 2.5.1 (2.6.0 available)
  test_api 0.7.11 (0.7.13 available)
  vector_math 2.2.0 (2.4.0 available)
Got dependencies!
8 packages have newer versions incompatible with dependency constraints.
Try `flutter pub outdated` for more information.
Running Xcode build...                                          
Xcode build done.                                            4.1s
Installing and launching...                                         7.3s
VMServiceFlutterDriver: Connecting to Flutter application at http://127.0.0.1:53440/bgAJVRa90PY=/
VMServiceFlutterDriver: Isolate found with number: 7269280505505335
VMServiceFlutterDriver: Isolate 7269280505505335 is runnable.
VMServiceFlutterDriver: Isolate is paused at start.
VMServiceFlutterDriver: Attempting to resume isolate
flutter: 00:00 +0: SO3 series
VMServiceFlutterDriver: Connected to Flutter application.
flutter: SO2 deployment: fetch=149ms build=157ms first_frame=181ms
flutter: SO2 deployment: fetch=97ms build=107ms first_frame=124ms
flutter: SO3 tap_to_frame=6619us build_start=572us step=1
flutter: SO3 tap_to_frame=15845us build_start=4596us step=2
flutter: SO3 tap_to_frame=9298us build_start=2723us step=3
flutter: SO3 tap_to_frame=9138us build_start=3826us step=1
flutter: SO3 tap_to_frame=15206us build_start=8715us step=2
flutter: SO3 tap_to_frame=14696us build_start=7644us step=3
flutter: SO3 tap_to_frame=16950us build_start=11870us step=1
flutter: SO3 tap_to_frame=6193us build_start=495us step=2
flutter: SO3 tap_to_frame=6079us build_start=483us step=3
flutter: SO3 tap_to_frame=4777us build_start=435us step=1
flutter: SO3 tap_to_frame=10445us build_start=5095us step=2
flutter: SO3 tap_to_frame=8309us build_start=2740us step=3
flutter: SO3 tap_to_frame=12218us build_start=6733us step=1
flutter: SO3 tap_to_frame=17777us build_start=11145us step=2
flutter: SO3 tap_to_frame=16455us build_start=10731us step=3
flutter: SO3 tap_to_frame=17125us build_start=12125us step=1
flutter: SO3 tap_to_frame=6732us build_start=550us step=2
flutter: SO3 tap_to_frame=18066us build_start=12962us step=3
flutter: SO3 tap_to_frame=4994us build_start=522us step=1
flutter: SO3 tap_to_frame=10630us build_start=4546us step=2
flutter: SO3 tap_to_frame=8666us build_start=2746us step=3
flutter: SO3 tap_to_frame=13038us build_start=7768us step=1
flutter: SO3 tap_to_frame=18421us build_start=12161us step=2
flutter: SO3 tap_to_frame=14953us build_start=10723us step=3
flutter: SO3 tap_to_frame=17367us build_start=12235us step=1
flutter: SO3 tap_to_frame=6408us build_start=473us step=2
flutter: SO3 tap_to_frame=5858us build_start=825us step=3
flutter: SO3 tap_to_frame=5290us build_start=578us step=1
flutter: SO3 tap_to_frame=12362us build_start=6006us step=2
flutter: SO3 tap_to_frame=10735us build_start=4571us step=3
flutter: SO3 tap_to_frame=14719us build_start=9662us step=1
flutter: SO3 tap_to_frame=6492us build_start=499us step=2
flutter: SO3 tap_to_frame=5930us build_start=452us step=3
flutter: SO3 tap_to_frame=4905us build_start=496us step=1
flutter: SO3 tap_to_frame=11514us build_start=5092us step=2
flutter: SO3 tap_to_frame=10076us build_start=4090us step=3
flutter: SO3 tap_to_frame=14660us build_start=10254us step=1
flutter: SO3 tap_to_frame=6596us build_start=470us step=2
flutter: SO3 tap_to_frame=6389us build_start=513us step=3
flutter: SO3 tap_to_frame=5061us build_start=497us step=1
flutter: SO3 tap_to_frame=11044us build_start=4686us step=2
flutter: SO3 tap_to_frame=9862us build_start=3823us step=3
flutter: SO3 tap_to_frame=13919us build_start=8907us step=1
flutter: SO3 tap_to_frame=18441us build_start=12575us step=2
flutter: SO3 tap_to_frame=16952us build_start=10862us step=3
flutter: SO3 tap_to_frame=5126us build_start=547us step=1
flutter: SO3 tap_to_frame=6945us build_start=1288us step=2
flutter: SO3 tap_to_frame=5944us build_start=595us step=3
flutter: SO3 tap_to_frame=9011us build_start=3493us step=1
flutter: SO3 tap_to_frame=13679us build_start=7331us step=2
flutter: SO3 tap_to_frame=9985us build_start=4039us step=3
flutter: SO3 tap_to_frame=16786us build_start=11817us step=1
flutter: SO3 tap_to_frame=6931us build_start=1248us step=2
flutter: SO3 tap_to_frame=6479us build_start=484us step=3
flutter: SO3 tap_to_frame=7199us build_start=2070us step=1
flutter: SO3 tap_to_frame=15384us build_start=8977us step=2
flutter: SO3 tap_to_frame=11417us build_start=5217us step=3
flutter: SO3 tap_to_frame=17025us build_start=12021us step=1
flutter: SO3 tap_to_frame=6292us build_start=514us step=2
flutter: SO3 tap_to_frame=5271us build_start=498us step=3
flutter: SO3 tap_to_frame=4988us build_start=512us step=1
flutter: SO3 tap_to_frame=9096us build_start=2895us step=2
flutter: SO3 tap_to_frame=7812us build_start=1977us step=3
flutter: SO3 tap_to_frame=5484us build_start=586us step=1
flutter: SO3 tap_to_frame=9034us build_start=3524us step=2
flutter: SO3 tap_to_frame=8139us build_start=2133us step=3
flutter: SO3 tap_to_frame=9527us build_start=3998us step=1
flutter: SO3 tap_to_frame=15387us build_start=9272us step=2
flutter: SO3 tap_to_frame=13137us build_start=7176us step=3
flutter: SO3 tap_to_frame=17539us build_start=13188us step=1
flutter: SO3 tap_to_frame=7558us build_start=1841us step=2
flutter: SO3 tap_to_frame=8371us build_start=1921us step=3
flutter: SO3 tap_to_frame=10638us build_start=5558us step=1
flutter: SO3 tap_to_frame=14919us build_start=8902us step=2
flutter: SO3 tap_to_frame=11718us build_start=5617us step=3
flutter: SO3 tap_to_frame=14474us build_start=9110us step=1
flutter: SO3 tap_to_frame=6604us build_start=489us step=2
flutter: SO3 tap_to_frame=18776us build_start=12551us step=3
flutter: SO3 tap_to_frame=4542us build_start=407us step=1
flutter: SO3 tap_to_frame=11606us build_start=7034us step=2
flutter: SO3 tap_to_frame=10267us build_start=4201us step=3
flutter: SO3 tap_to_frame=14542us build_start=9296us step=1
flutter: SO3 tap_to_frame=19111us build_start=13069us step=2
flutter: SO3 tap_to_frame=18086us build_start=11736us step=3
flutter: SO3 tap_to_frame=5108us build_start=572us step=1
flutter: SO3 tap_to_frame=7387us build_start=1520us step=2
flutter: SO3 tap_to_frame=5882us build_start=561us step=3
flutter: SO3 tap_to_frame=6800us build_start=2372us step=1
flutter: SO3 tap_to_frame=12748us build_start=7286us step=2
flutter: SO3 tap_to_frame=12953us build_start=6752us step=3
flutter: SO3 tap_to_frame=17948us build_start=11883us step=1
flutter: SO3 tap_to_frame=6179us build_start=518us step=2
flutter: SO3 tap_to_frame=5928us build_start=580us step=3
flutter: SO3 tap_to_frame=7101us build_start=2279us step=1
flutter: SO3 tap_to_frame=11987us build_start=5759us step=2
flutter: SO3 tap_to_frame=9404us build_start=3453us step=3
flutter: SO3 tap_to_frame=10753us build_start=5764us step=1
flutter: SO3 tap_to_frame=16480us build_start=10346us step=2
flutter: SO3 tap_to_frame=15457us build_start=10092us step=3
flutter: SO3 tap_to_frame=17568us build_start=12423us step=1
flutter: SO3 tap_to_frame=6071us build_start=532us step=2
flutter: SO3 tap_to_frame=6673us build_start=916us step=3
flutter: SO3 tap_to_frame=5073us build_start=570us step=1
flutter: SO3 tap_to_frame=10899us build_start=4297us step=2
flutter: SO3 tap_to_frame=8803us build_start=2764us step=3
flutter: SO3 tap_to_frame=11572us build_start=5838us step=1
flutter: SO3 tap_to_frame=17496us build_start=11182us step=2
flutter: SO3 tap_to_frame=15922us build_start=9674us step=3
flutter: SO3 tap_to_frame=17812us build_start=12859us step=1
flutter: SO3 tap_to_frame=5021us build_start=422us step=2
flutter: SO3 tap_to_frame=5673us build_start=510us step=3
flutter: SO3 tap_to_frame=5179us build_start=555us step=1
flutter: SO3 tap_to_frame=10907us build_start=3908us step=2
flutter: SO3 tap_to_frame=6660us build_start=846us step=3
flutter: SO3 tap_to_frame=5742us build_start=1102us step=1
flutter: SO3 tap_to_frame=10847us build_start=5001us step=2
flutter: SO3 tap_to_frame=9234us build_start=3193us step=3
flutter: SO3 tap_to_frame=13997us build_start=8948us step=1
flutter: SO3 tap_to_frame=19150us build_start=13306us step=2
flutter: SO3 tap_to_frame=18000us build_start=12333us step=3
flutter: SO3 tap_to_frame=4881us build_start=592us step=1
flutter: SO3 tap_to_frame=6141us build_start=490us step=2
flutter: SO3 tap_to_frame=5661us build_start=585us step=3
flutter: SO3 tap_to_frame=5891us build_start=980us step=1
flutter: SO3 tap_to_frame=12054us build_start=6023us step=2
flutter: SO3 tap_to_frame=9522us build_start=3395us step=3
flutter: SO3 tap_to_frame=8838us build_start=3781us step=1
flutter: SO3 tap_to_frame=15795us build_start=10022us step=2
flutter: SO3 tap_to_frame=14148us build_start=8234us step=3
flutter: SO3 tap_to_frame=16203us build_start=12220us step=1
flutter: SO3 tap_to_frame=5866us build_start=505us step=2
flutter: SO3 tap_to_frame=5438us build_start=423us step=3
flutter: SO3 tap_to_frame=6212us build_start=1210us step=1
flutter: SO3 tap_to_frame=13118us build_start=6750us step=2
flutter: SO3 tap_to_frame=11117us build_start=5200us step=3
flutter: SO3 tap_to_frame=17159us build_start=12104us step=1
flutter: SO3 tap_to_frame=6315us build_start=883us step=2
flutter: SO3 tap_to_frame=6267us build_start=477us step=3
flutter: SO3 tap_to_frame=7896us build_start=3409us step=1
flutter: SO3 tap_to_frame=14945us build_start=9454us step=2
flutter: SO3 tap_to_frame=12230us build_start=7492us step=3
flutter: SO3 tap_to_frame=17183us build_start=11981us step=1
flutter: SO3 tap_to_frame=6047us build_start=541us step=2
flutter: SO3 tap_to_frame=5717us build_start=549us step=3
flutter: SO3 tap_to_frame=6220us build_start=1242us step=1
flutter: SO3 tap_to_frame=13381us build_start=7040us step=2
flutter: SO3 tap_to_frame=11800us build_start=5823us step=3
flutter: SO3 tap_to_frame=17898us build_start=13051us step=1
flutter: SO3 tap_to_frame=6784us build_start=512us step=2
flutter: SO3 tap_to_frame=6410us build_start=1051us step=3
flutter: SO3 tap_to_frame=5215us build_start=539us step=1
flutter: SO3 tap_to_frame=12377us build_start=6236us step=2
flutter: SO3 tap_to_frame=13019us build_start=6397us step=3
flutter: SO3 tap_to_frame=14120us build_start=9280us step=1
flutter: SO3 tap_to_frame=18845us build_start=12830us step=2
flutter: SO3 tap_to_frame=17938us build_start=11546us step=3
flutter: SO3 tap_to_frame=5249us build_start=569us step=1
flutter: SO3 tap_to_frame=6756us build_start=1241us step=2
flutter: SO3 tap_to_frame=6499us build_start=538us step=3
flutter: SO3 tap_to_frame=8222us build_start=2923us step=1
flutter: SO3 tap_to_frame=14358us build_start=8134us step=2
flutter: SO3 tap_to_frame=12874us build_start=6495us step=3
flutter: SO3 tap_to_frame=17517us build_start=11674us step=1
flutter: SO3 tap_to_frame=5924us build_start=556us step=2
flutter: SO3 tap_to_frame=6025us build_start=526us step=3
flutter: SO3 tap_to_frame=5226us build_start=617us step=1
flutter: SO3 tap_to_frame=12310us build_start=6271us step=2
flutter: SO3 tap_to_frame=10247us build_start=4723us step=3
flutter: SO3 tap_to_frame=14560us build_start=9441us step=1
flutter: SO3 tap_to_frame=6411us build_start=511us step=2
flutter: SO3 tap_to_frame=6087us build_start=488us step=3
flutter: SO3 tap_to_frame=5618us build_start=880us step=1
flutter: SO3 tap_to_frame=14344us build_start=8251us step=2
flutter: SO3 tap_to_frame=12306us build_start=6787us step=3
flutter: SO3 tap_to_frame=17144us build_start=12738us step=1
flutter: SO3 tap_to_frame=5581us build_start=545us step=2
flutter: SO3 tap_to_frame=6001us build_start=679us step=3
flutter: SO3 tap_to_frame=5552us build_start=511us step=1
flutter: SO3 tap_to_frame=11581us build_start=5587us step=2
flutter: SO3 tap_to_frame=8600us build_start=3017us step=3
flutter: SO3 tap_to_frame=11152us build_start=6045us step=1
flutter: SO3 tap_to_frame=15946us build_start=9578us step=2
flutter: SO3 tap_to_frame=13168us build_start=6828us step=3
flutter: SO3 tap_to_frame=16470us build_start=11631us step=1
flutter: SO3 tap_to_frame=5896us build_start=630us step=2
flutter: SO3 tap_to_frame=18828us build_start=12565us step=3
flutter: SO3 tap_to_frame=5081us build_start=562us step=1
flutter: SO3 tap_to_frame=7728us build_start=2050us step=2
flutter: SO3 tap_to_frame=6061us build_start=546us step=3
flutter: SO3 tap_to_frame=7083us build_start=2151us step=1
flutter: SO3 tap_to_frame=14129us build_start=8040us step=2
flutter: SO3 tap_to_frame=11526us build_start=5739us step=3
flutter: SO3 tap_to_frame=14781us build_start=9892us step=1
flutter: SO3 tap_to_frame=6326us build_start=601us step=2
flutter: SO3 tap_to_frame=18432us build_start=12708us step=3
flutter: SO3 tap_to_frame=5473us build_start=663us step=1
flutter: SO3 tap_to_frame=6981us build_start=1286us step=2
flutter: SO3 tap_to_frame=6554us build_start=579us step=3
flutter: SO3 tap_to_frame=7147us build_start=2073us step=1
flutter: SO3 tap_to_frame=14489us build_start=8012us step=2
flutter: SO3 tap_to_frame=11548us build_start=5522us step=3
flutter: SO3 tap_to_frame=15013us build_start=9967us step=1
flutter: SO3 tap_to_frame=6701us build_start=521us step=2
flutter: SO3 tap_to_frame=6034us build_start=493us step=3
flutter: SO3 tap_to_frame=6246us build_start=984us step=1
flutter: SO3 tap_to_frame=12789us build_start=6791us step=2
flutter: SO3 tap_to_frame=11230us build_start=6479us step=3
flutter: SO3 tap_to_frame=13867us build_start=9143us step=1
flutter: SO3 tap_to_frame=18327us build_start=12267us step=2
flutter: SO3 tap_to_frame=16889us build_start=10991us step=3
flutter: SO3 tap_to_frame=17502us build_start=12439us step=1
flutter: SO3 tap_to_frame=7226us build_start=821us step=2
flutter: SO3 tap_to_frame=5767us build_start=521us step=3
flutter: SO3 tap_to_frame=6865us build_start=1362us step=1
flutter: SO3 tap_to_frame=13131us build_start=6987us step=2
flutter: SO3 tap_to_frame=10783us build_start=5023us step=3
flutter: SO3 tap_to_frame=15914us build_start=10869us step=1
flutter: SO3 tap_to_frame=6199us build_start=498us step=2
flutter: SO3 tap_to_frame=18927us build_start=12553us step=3
flutter: SO3 tap_to_frame=5227us build_start=542us step=1
flutter: SO3 tap_to_frame=11049us build_start=5073us step=2
flutter: SO3 tap_to_frame=10529us build_start=4761us step=3
flutter: SO3 tap_to_frame=15684us build_start=10829us step=1
flutter: SO3 tap_to_frame=5920us build_start=619us step=2
flutter: SO3 tap_to_frame=19824us build_start=13448us step=3
flutter: SO3 tap_to_frame=5820us build_start=848us step=1
flutter: SO3 tap_to_frame=11371us build_start=5224us step=2
flutter: SO3 tap_to_frame=7546us build_start=1887us step=3
flutter: SO3 tap_to_frame=5093us build_start=560us step=1
flutter: SO3 tap_to_frame=12058us build_start=5727us step=2
flutter: SO3 tap_to_frame=9815us build_start=3690us step=3
flutter: SO3 tap_to_frame=14585us build_start=9653us step=1
flutter: SO3 tap_to_frame=5932us build_start=518us step=2
flutter: SO3 tap_to_frame=6622us build_start=996us step=3
flutter: SO3 tap_to_frame=4701us build_start=549us step=1
flutter: SO3 tap_to_frame=6129us build_start=535us step=2
flutter: SO3 tap_to_frame=5743us build_start=492us step=3
flutter: SO3 tap_to_frame=9462us build_start=4233us step=1
flutter: SO3 tap_to_frame=14980us build_start=8621us step=2
flutter: SO3 tap_to_frame=14764us build_start=8359us step=3
flutter: SO3 tap_to_frame=18172us build_start=12711us step=1
flutter: SO3 tap_to_frame=8529us build_start=2422us step=2
flutter: SO3 tap_to_frame=5963us build_start=441us step=3
flutter: SO3 tap_to_frame=7280us build_start=2273us step=1
flutter: SO3 tap_to_frame=9909us build_start=3834us step=2
flutter: SO3 tap_to_frame=6645us build_start=1648us step=3
flutter: SO3 tap_to_frame=11035us build_start=6070us step=1
flutter: SO3 tap_to_frame=17327us build_start=11164us step=2
flutter: SO3 tap_to_frame=14991us build_start=8261us step=3
flutter: SO3 tap_to_frame=14112us build_start=8880us step=1
flutter: SO3 tap_to_frame=19505us build_start=13120us step=2
flutter: SO3 tap_to_frame=17493us build_start=11516us step=3
flutter: SO3 tap_to_frame=4702us build_start=448us step=1
flutter: SO3 tap_to_frame=7969us build_start=2229us step=2
flutter: SO3 tap_to_frame=7140us build_start=1143us step=3
flutter: SO3 tap_to_frame=8163us build_start=2201us step=1
flutter: SO3 tap_to_frame=13379us build_start=7014us step=2
flutter: SO3 tap_to_frame=11571us build_start=5368us step=3
flutter: SO3 tap_to_frame=14629us build_start=9737us step=1
flutter: SO3 tap_to_frame=6215us build_start=564us step=2
flutter: SO3 tap_to_frame=6429us build_start=602us step=3
flutter: SO3 tap_to_frame=4951us build_start=496us step=1
flutter: SO3 tap_to_frame=12730us build_start=6668us step=2
flutter: SO3 tap_to_frame=11555us build_start=5252us step=3
flutter: SO3 tap_to_frame=17241us build_start=11931us step=1
flutter: SO3 tap_to_frame=6398us build_start=558us step=2
flutter: SO3 tap_to_frame=6275us build_start=530us step=3
flutter: SO3 tap_to_frame=5307us build_start=523us step=1
flutter: SO3 tap_to_frame=9927us build_start=3792us step=2
flutter: SO3 tap_to_frame=7842us build_start=2205us step=3
flutter: SO3 tap_to_frame=7992us build_start=2335us step=1
flutter: SO3 tap_to_frame=13586us build_start=7218us step=2
flutter: SO3 tap_to_frame=10689us build_start=4524us step=3
flutter: SO3 tap_to_frame=13837us build_start=8718us step=1
flutter: SO3 tap_to_frame=19036us build_start=13052us step=2
flutter: SO3 tap_to_frame=16220us build_start=10847us step=3
flutter: SO3 tap_to_frame=4603us build_start=387us step=1
flutter: SO3 tap_to_frame=8463us build_start=2502us step=2
flutter: SO3 tap_to_frame=7358us build_start=1716us step=3
flutter: SO3 tap_to_frame=5008us build_start=486us step=1
flutter: SO3 tap_to_frame=10441us build_start=4304us step=2
flutter: SO3 tap_to_frame=8771us build_start=2977us step=3
flutter: SO3 tap_to_frame=13954us build_start=9469us step=1
flutter: SO3 tap_to_frame=6234us build_start=589us step=2
flutter: SO3 tap_to_frame=5525us build_start=529us step=3
flutter: SO3 tap_to_frame=5392us build_start=532us step=1
flutter: SO3 tap_to_frame=8283us build_start=2233us step=2
flutter: SO3 tap_to_frame=6122us build_start=557us step=3
flutter: SO3 tap_to_frame=6087us build_start=1050us step=1
flutter: SO3 tap_to_frame=12609us build_start=6438us step=2
flutter: SO3 tap_to_frame=9765us build_start=3589us step=3
flutter: SO3 tap_to_frame=8555us build_start=3464us step=1
flutter: SO3 tap_to_frame=14373us build_start=8279us step=2
flutter: SO3 tap_to_frame=13039us build_start=8165us step=3
flutter: SO3 tap_to_frame=5281us build_start=1166us step=1
flutter: SO3 tap_to_frame=7615us build_start=1659us step=2
flutter: SO3 tap_to_frame=6085us build_start=508us step=3
flutter: SO3 tap_to_frame=5181us build_start=560us step=1
flutter: SO3 tap_to_frame=12739us build_start=6822us step=2
flutter: SO3 tap_to_frame=10530us build_start=4692us step=3
flutter: SO3 tap_to_frame=13978us build_start=9690us step=1
flutter: SO3 tap_to_frame=19500us build_start=13059us step=2
flutter: SO3 tap_to_frame=16656us build_start=11661us step=3
flutter: SO3 tap_to_frame=16343us build_start=11976us step=1
flutter: SO3 tap_to_frame=6253us build_start=752us step=2
flutter: SO3 tap_to_frame=6189us build_start=476us step=3
flutter: SO3 tap_to_frame=8281us build_start=3333us step=1
flutter: SO3 tap_to_frame=15744us build_start=9264us step=2
flutter: SO3 tap_to_frame=14516us build_start=8340us step=3
flutter: SO3 tap_to_frame=4851us build_start=496us step=1
flutter: SO3 tap_to_frame=7349us build_start=1517us step=2
flutter: SO3 tap_to_frame=6162us build_start=462us step=3
flutter: SO3 tap_to_frame=9094us build_start=3705us step=1
flutter: SO3 tap_to_frame=16270us build_start=9567us step=2
flutter: SO3 tap_to_frame=13253us build_start=8080us step=3
flutter: SO3 tap_to_frame=15921us build_start=10945us step=1
flutter: SO3 tap_to_frame=5478us build_start=456us step=2
flutter: SO3 tap_to_frame=5906us build_start=536us step=3
flutter: SO3 tap_to_frame=5091us build_start=1087us step=1
flutter: SO3 tap_to_frame=15132us build_start=9034us step=2
flutter: SO3 tap_to_frame=15452us build_start=9389us step=3
flutter: SO3 tap_to_frame=5379us build_start=520us step=1
flutter: SO3 tap_to_frame=8060us build_start=2360us step=2
flutter: SO3 tap_to_frame=6264us build_start=493us step=3
flutter: SO3 tap_to_frame=8445us build_start=2964us step=1
flutter: SO3 tap_to_frame=15329us build_start=8892us step=2
flutter: SO3 tap_to_frame=14869us build_start=7989us step=3
flutter: SO3 tap_to_frame=16837us build_start=11991us step=1
flutter: SO3 tap_to_frame=6189us build_start=502us step=2
flutter: SO3 tap_to_frame=5954us build_start=441us step=3
flutter: SO3 tap_to_frame=8831us build_start=3985us step=1
flutter: SO3 tap_to_frame=16001us build_start=8649us step=2
flutter: SO3 tap_to_frame=13197us build_start=6814us step=3
flutter: SO3 tap_to_frame=14310us build_start=9196us step=1
flutter: SO3 tap_to_frame=19609us build_start=13122us step=2
flutter: SO3 tap_to_frame=17809us build_start=11243us step=3
flutter: SO3 tap_to_frame=5063us build_start=521us step=1
flutter: SO3 tap_to_frame=10075us build_start=3962us step=2
flutter: SO3 tap_to_frame=8814us build_start=3412us step=3
flutter: SO3 tap_to_frame=16057us build_start=11887us step=1
flutter: SO3 tap_to_frame=6658us build_start=534us step=2
flutter: SO3 tap_to_frame=6369us build_start=532us step=3
flutter: SO3 tap_to_frame=5055us build_start=604us step=1
flutter: SO3 tap_to_frame=9397us build_start=3206us step=2
flutter: SO3 tap_to_frame=8055us build_start=2335us step=3
flutter: SO3 tap_to_frame=10395us build_start=5096us step=1
flutter: SO3 tap_to_frame=14554us build_start=8387us step=2
flutter: SO3 tap_to_frame=11617us build_start=5626us step=3
flutter: SO3 tap_to_frame=14200us build_start=9179us step=1
flutter: SO3 tap_to_frame=19525us build_start=13182us step=2
flutter: SO3 tap_to_frame=16658us build_start=11629us step=3
flutter: SO3 tap_to_frame=4982us build_start=584us step=1
flutter: SO3 tap_to_frame=7743us build_start=2137us step=2
flutter: SO3 tap_to_frame=5805us build_start=512us step=3
flutter: SO3 tap_to_frame=6935us build_start=2199us step=1
flutter: SO3 tap_to_frame=11990us build_start=5776us step=2
flutter: SO3 tap_to_frame=9945us build_start=4048us step=3
flutter: SO3 tap_to_frame=10675us build_start=5765us step=1
flutter: SO3 tap_to_frame=14857us build_start=9505us step=2
flutter: SO3 tap_to_frame=15114us build_start=8786us step=3
flutter: SO3 tap_to_frame=18953us build_start=13375us step=1
flutter: SO3 tap_to_frame=7585us build_start=2325us step=2
flutter: SO3 tap_to_frame=8537us build_start=2560us step=3
flutter: SO3 tap_to_frame=7437us build_start=2456us step=1
flutter: SO3 tap_to_frame=15528us build_start=9493us step=2
flutter: SO3 tap_to_frame=15451us build_start=9040us step=3
flutter: SO3 tap_to_frame=16757us build_start=11567us step=1
flutter: SO3 tap_to_frame=6046us build_start=498us step=2
flutter: SO3 tap_to_frame=6935us build_start=1160us step=3
flutter: SO3 tap_to_frame=6170us build_start=1262us step=1
flutter: SO3 tap_to_frame=12258us build_start=6098us step=2
flutter: SO3 tap_to_frame=10077us build_start=4172us step=3
flutter: SO3 tap_to_frame=13944us build_start=9050us step=1
flutter: SO3 tap_to_frame=6488us build_start=474us step=2
flutter: SO3 tap_to_frame=20369us build_start=13946us step=3
flutter: SO3 tap_to_frame=7060us build_start=2150us step=1
flutter: SO3 tap_to_frame=11412us build_start=5573us step=2
flutter: SO3 tap_to_frame=8779us build_start=3752us step=3
flutter: SO3 tap_to_frame=12917us build_start=7418us step=1
flutter: SO3 tap_to_frame=18381us build_start=12135us step=2
flutter: SO3 tap_to_frame=16780us build_start=10412us step=3
flutter: SO3 tap_to_frame=17627us build_start=12577us step=1
flutter: SO3 tap_to_frame=6780us build_start=594us step=2
flutter: SO3 tap_to_frame=5704us build_start=435us step=3
flutter: SO3 tap_to_frame=6201us build_start=1668us step=1
flutter: SO3 tap_to_frame=10458us build_start=4638us step=2
flutter: SO3 tap_to_frame=9243us build_start=3335us step=3
flutter: SO3 tap_to_frame=10812us build_start=6021us step=1
flutter: SO3 tap_to_frame=16783us build_start=11468us step=2
flutter: SO3 tap_to_frame=17043us build_start=10868us step=3
flutter: SO3 tap_to_frame=4999us build_start=567us step=1
flutter: SO3 tap_to_frame=9046us build_start=2765us step=2
flutter: SO3 tap_to_frame=6209us build_start=688us step=3
flutter: SO3 tap_to_frame=6155us build_start=1282us step=1
flutter: SO3 tap_to_frame=12794us build_start=5861us step=2
flutter: SO3 tap_to_frame=11728us build_start=4985us step=3
flutter: SO3 tap_to_frame=14908us build_start=10644us step=1
flutter: SO3 tap_to_frame=6545us build_start=2592us step=2
flutter: SO3 tap_to_frame=8657us build_start=4410us step=3
flutter: SO3 tap_to_frame=4036us build_start=413us step=1
flutter: SO3 tap_to_frame=10700us build_start=6404us step=2
flutter: SO3 tap_to_frame=13422us build_start=9969us step=3
flutter: SO3 tap_to_frame=4987us build_start=530us step=1
flutter: SO3 tap_to_frame=8505us build_start=4524us step=2
flutter: SO3 tap_to_frame=11207us build_start=4939us step=3
flutter: SO3 tap_to_frame=16962us build_start=13707us step=1
flutter: SO3 tap_to_frame=8633us build_start=4801us step=2
flutter: SO3 tap_to_frame=12040us build_start=8290us step=3
flutter: SO3 tap_to_frame=5236us build_start=510us step=1
flutter: SO3 tap_to_frame=9755us build_start=3290us step=2
flutter: SO3 tap_to_frame=9976us build_start=4862us step=3
flutter: SO3 tap_to_frame=15703us build_start=9786us step=1
flutter: SO3 tap_to_frame=5851us build_start=571us step=2
flutter: SO3 tap_to_frame=6072us build_start=1157us step=3
flutter: SO3 tap_to_frame=4823us build_start=640us step=1
flutter: SO3 tap_to_frame=9706us build_start=3532us step=2
flutter: SO3 tap_to_frame=5894us build_start=639us step=3
flutter: SO3 tap_to_frame=4770us build_start=1296us step=1
flutter: SO3 tap_to_frame=12351us build_start=8737us step=2
flutter: SO3 tap_to_frame=15694us build_start=12079us step=3
flutter: SO3 tap_to_frame=8114us build_start=4734us step=1
flutter: SO3 tap_to_frame=16533us build_start=12362us step=2
flutter: SO3 tap_to_frame=17809us build_start=14265us step=3
flutter: SO3 tap_to_frame=10174us build_start=6928us step=1
flutter: SO3 tap_to_frame=18393us build_start=13876us step=2
flutter: SO3 tap_to_frame=4460us build_start=627us step=3
flutter: SO3 tap_to_frame=14546us build_start=11057us step=1
flutter: SO3 tap_to_frame=4519us build_start=859us step=2
flutter: SO3 tap_to_frame=5437us build_start=1461us step=3
flutter: SO3 tap_to_frame=11835us build_start=8421us step=1
flutter: SO3 tap_to_frame=4227us build_start=401us step=2
flutter: SO3 tap_to_frame=5805us build_start=1829us step=3
flutter: SO3 tap_to_frame=14683us build_start=9593us step=1
flutter: SO3 tap_to_frame=4442us build_start=436us step=2
flutter: SO3 tap_to_frame=6661us build_start=2204us step=3
flutter: SO3 tap_to_frame=6025us build_start=938us step=1
flutter: SO3 tap_to_frame=10981us build_start=4668us step=2
flutter: SO3 tap_to_frame=7288us build_start=1744us step=3
flutter: SO3 tap_to_frame=7056us build_start=2007us step=1
flutter: SO3 tap_to_frame=12998us build_start=6599us step=2
flutter: SO3 tap_to_frame=10628us build_start=4543us step=3
flutter: SO3 tap_to_frame=15343us build_start=12025us step=1
flutter: SO3 tap_to_frame=5911us build_start=549us step=2
flutter: SO3 tap_to_frame=5826us build_start=858us step=3
flutter: SO3 tap_to_frame=6149us build_start=1020us step=1
flutter: SO3 tap_to_frame=13116us build_start=6826us step=2
flutter: SO3 tap_to_frame=7903us build_start=2365us step=3
flutter: SO3 tap_to_frame=5107us build_start=588us step=1
flutter: SO3 tap_to_frame=10505us build_start=4684us step=2
flutter: SO3 tap_to_frame=10391us build_start=5376us step=3
flutter: SO3 tap_to_frame=14777us build_start=9761us step=1
flutter: SO3 tap_to_frame=5596us build_start=450us step=2
flutter: SO3 tap_to_frame=18350us build_start=12519us step=3
flutter: SO3 tap_to_frame=5420us build_start=711us step=1
flutter: SO3 tap_to_frame=11056us build_start=4936us step=2
flutter: SO3 tap_to_frame=10049us build_start=4015us step=3
flutter: SO3 tap_to_frame=13728us build_start=9699us step=1
flutter: SO3 tap_to_frame=6634us build_start=540us step=2
flutter: SO3 tap_to_frame=6460us build_start=1166us step=3
flutter: SO3 tap_to_frame=4968us build_start=597us step=1
flutter: SO3 tap_to_frame=6646us build_start=1575us step=2
flutter: SO3 tap_to_frame=6249us build_start=631us step=3
flutter: SO3 tap_to_frame=7012us build_start=1886us step=1
flutter: SO3 tap_to_frame=13135us build_start=6780us step=2
flutter: SO3 tap_to_frame=12687us build_start=6696us step=3
flutter: SO3 tap_to_frame=15735us build_start=11368us step=1
flutter: SO3 tap_to_frame=4548us build_start=456us step=2
flutter: SO3 tap_to_frame=5917us build_start=496us step=3
flutter: SO3 tap_to_frame=5315us build_start=491us step=1
flutter: SO3 tap_to_frame=10678us build_start=6847us step=2
flutter: SO3 tap_to_frame=14814us build_start=8797us step=3
flutter: SO3 tap_to_frame=16961us build_start=11967us step=1
flutter: SO3 tap_to_frame=5787us build_start=468us step=2
flutter: SO3 tap_to_frame=6783us build_start=477us step=3
flutter: SO3 tap_to_frame=7622us build_start=4387us step=1
flutter: SO3 tap_to_frame=15386us build_start=9544us step=2
flutter: SO3 tap_to_frame=15095us build_start=9169us step=3
flutter: SO3 tap_to_frame=16809us build_start=11978us step=1
flutter: SO3 tap_to_frame=6469us build_start=712us step=2
flutter: SO3 tap_to_frame=5649us build_start=542us step=3
flutter: SO3 tap_to_frame=5729us build_start=1785us step=1
flutter: SO3 tap_to_frame=13460us build_start=8081us step=2
flutter: SO3 tap_to_frame=12636us build_start=6638us step=3
flutter: SO3 tap_to_frame=18421us build_start=13206us step=1
flutter: SO3 tap_to_frame=6674us build_start=838us step=2
flutter: SO3 tap_to_frame=6188us build_start=568us step=3
flutter: SO3 tap_to_frame=5957us build_start=1277us step=1
flutter: SO3 tap_to_frame=9615us build_start=3629us step=2
flutter: SO3 tap_to_frame=8512us build_start=2828us step=3
flutter: SO3 tap_to_frame=11134us build_start=6140us step=1
flutter: SO3 tap_to_frame=16300us build_start=10214us step=2
flutter: SO3 tap_to_frame=12984us build_start=7655us step=3
flutter: SO3 tap_to_frame=17109us build_start=11693us step=1
flutter: SO3 tap_to_frame=6441us build_start=637us step=2
flutter: SO3 tap_to_frame=4808us build_start=356us step=3
flutter: SO3 tap_to_frame=7550us build_start=4213us step=1
flutter: SO3 tap_to_frame=14665us build_start=10551us step=2
flutter: SO3 tap_to_frame=17287us build_start=13553us step=3
flutter: SO3 tap_to_frame=13771us build_start=10446us step=1
flutter: SO3 tap_to_frame=4927us build_start=332us step=2
flutter: SO3 tap_to_frame=5501us build_start=1406us step=3
flutter: SO3 tap_to_frame=9845us build_start=6608us step=1
flutter: SO3 tap_to_frame=16128us build_start=13005us step=2
flutter: SO3 tap_to_frame=19707us build_start=13003us step=3
flutter: 06:55 +1: (tearDownAll)
flutter: 06:55 +2: All tests passed!
All tests passed.
