Resolving dependencies...
Downloading packages...
  cross_file 0.3.5+2 (0.3.5+4 available)
  image_picker 1.2.2 (1.2.3 available)
  matcher 0.12.19 (0.12.20 available)
  meta 1.18.0 (1.18.3 available)
  package_config 2.2.0 (3.0.0 available)
  path_provider_foundation 2.5.1 (2.6.0 available)
  test_api 0.7.11 (0.7.13 available)
  vector_math 2.2.0 (2.4.0 available)
Got dependencies!
8 packages have newer versions incompatible with dependency constraints.
Try `flutter pub outdated` for more information.
Running Xcode build...                                          
Xcode build done.                                            3.8s
Installing and launching...                                         7.0s
VMServiceFlutterDriver: Connecting to Flutter application at http://127.0.0.1:60353/mNG4W9n8ipk=/
VMServiceFlutterDriver: Isolate found with number: 3183604338545631
VMServiceFlutterDriver: Isolate 3183604338545631 is runnable.
VMServiceFlutterDriver: Isolate is paused at start.
VMServiceFlutterDriver: Attempting to resume isolate
flutter: 00:00 +0: SO3 series
VMServiceFlutterDriver: Connected to Flutter application.
flutter: SO2 deployment: fetch=199ms build=211ms first_frame=225ms
flutter: SO2 deployment: fetch=142ms build=150ms first_frame=167ms
flutter: SO3 tap_to_frame=16860us build_start=12790us step=1
flutter: SO3 tap_to_frame=9462us build_start=2885us step=2
flutter: SO3 tap_to_frame=12099us build_start=5985us step=3
flutter: SO3 tap_to_frame=17126us build_start=13124us step=1
flutter: SO3 tap_to_frame=7813us build_start=3344us step=2
flutter: SO3 tap_to_frame=8100us build_start=4147us step=3
flutter: SO3 tap_to_frame=17406us build_start=13062us step=1
flutter: SO3 tap_to_frame=6775us build_start=2071us step=2
flutter: SO3 tap_to_frame=10214us build_start=5381us step=3
flutter: SO3 tap_to_frame=16478us build_start=12916us step=1
flutter: SO3 tap_to_frame=9612us build_start=4855us step=2
flutter: SO3 tap_to_frame=9103us build_start=4709us step=3
flutter: SO3 tap_to_frame=16479us build_start=12993us step=1
flutter: SO3 tap_to_frame=6587us build_start=2629us step=2
flutter: SO3 tap_to_frame=8854us build_start=4787us step=3
flutter: SO3 tap_to_frame=3679us build_start=341us step=1
flutter: SO3 tap_to_frame=7473us build_start=3603us step=2
flutter: SO3 tap_to_frame=11434us build_start=7382us step=3
flutter: SO3 tap_to_frame=3664us build_start=384us step=1
flutter: SO3 tap_to_frame=10803us build_start=6484us step=2
flutter: SO3 tap_to_frame=13130us build_start=8753us step=3
flutter: SO3 tap_to_frame=5145us build_start=521us step=1
flutter: SO3 tap_to_frame=8390us build_start=2501us step=2
flutter: SO3 tap_to_frame=7749us build_start=1833us step=3
flutter: SO3 tap_to_frame=7208us build_start=2078us step=1
flutter: SO3 tap_to_frame=14529us build_start=7758us step=2
flutter: SO3 tap_to_frame=14189us build_start=8832us step=3
flutter: SO3 tap_to_frame=17664us build_start=12333us step=1
flutter: SO3 tap_to_frame=5255us build_start=501us step=2
flutter: SO3 tap_to_frame=5927us build_start=649us step=3
flutter: SO3 tap_to_frame=5871us build_start=552us step=1
flutter: SO3 tap_to_frame=10069us build_start=3799us step=2
flutter: SO3 tap_to_frame=8121us build_start=2091us step=3
flutter: SO3 tap_to_frame=9721us build_start=5131us step=1
flutter: SO3 tap_to_frame=14137us build_start=8730us step=2
flutter: SO3 tap_to_frame=13446us build_start=6682us step=3
flutter: SO3 tap_to_frame=5119us build_start=903us step=1
flutter: SO3 tap_to_frame=5925us build_start=499us step=2
flutter: SO3 tap_to_frame=5612us build_start=555us step=3
flutter: SO3 tap_to_frame=5024us build_start=604us step=1
flutter: SO3 tap_to_frame=9736us build_start=3382us step=2
flutter: SO3 tap_to_frame=6681us build_start=878us step=3
flutter: SO3 tap_to_frame=5114us build_start=575us step=1
flutter: SO3 tap_to_frame=9448us build_start=2984us step=2
flutter: SO3 tap_to_frame=7182us build_start=1843us step=3
flutter: SO3 tap_to_frame=7419us build_start=2367us step=1
flutter: SO3 tap_to_frame=12133us build_start=5782us step=2
flutter: SO3 tap_to_frame=10111us build_start=4233us step=3
flutter: SO3 tap_to_frame=15393us build_start=10502us step=1
flutter: SO3 tap_to_frame=6141us build_start=604us step=2
flutter: SO3 tap_to_frame=5986us build_start=601us step=3
flutter: SO3 tap_to_frame=6027us build_start=1131us step=1
flutter: SO3 tap_to_frame=10006us build_start=3686us step=2
flutter: SO3 tap_to_frame=9237us build_start=3156us step=3
flutter: SO3 tap_to_frame=8882us build_start=4456us step=1
flutter: SO3 tap_to_frame=14558us build_start=10009us step=2
flutter: SO3 tap_to_frame=13917us build_start=7789us step=3
flutter: SO3 tap_to_frame=16748us build_start=11937us step=1
flutter: SO3 tap_to_frame=6350us build_start=598us step=2
flutter: SO3 tap_to_frame=17973us build_start=11979us step=3
flutter: SO3 tap_to_frame=4708us build_start=583us step=1
flutter: SO3 tap_to_frame=8270us build_start=2755us step=2
flutter: SO3 tap_to_frame=7528us build_start=1945us step=3
flutter: SO3 tap_to_frame=11975us build_start=7493us step=1
flutter: SO3 tap_to_frame=17684us build_start=12309us step=2
flutter: SO3 tap_to_frame=17789us build_start=11648us step=3
flutter: SO3 tap_to_frame=17186us build_start=12049us step=1
flutter: SO3 tap_to_frame=6673us build_start=507us step=2
flutter: SO3 tap_to_frame=5695us build_start=490us step=3
flutter: SO3 tap_to_frame=18027us build_start=12576us step=1
flutter: SO3 tap_to_frame=6125us build_start=582us step=2
flutter: SO3 tap_to_frame=5860us build_start=539us step=3
flutter: SO3 tap_to_frame=5122us build_start=584us step=1
flutter: SO3 tap_to_frame=8327us build_start=1755us step=2
flutter: SO3 tap_to_frame=8044us build_start=3014us step=3
flutter: SO3 tap_to_frame=11601us build_start=6440us step=1
flutter: SO3 tap_to_frame=17879us build_start=11395us step=2
flutter: SO3 tap_to_frame=15178us build_start=9153us step=3
flutter: SO3 tap_to_frame=5186us build_start=576us step=1
flutter: SO3 tap_to_frame=6265us build_start=686us step=2
flutter: SO3 tap_to_frame=6023us build_start=517us step=3
flutter: SO3 tap_to_frame=5927us build_start=1982us step=1
flutter: SO3 tap_to_frame=12500us build_start=7730us step=2
flutter: SO3 tap_to_frame=13420us build_start=7409us step=3
flutter: SO3 tap_to_frame=16631us build_start=11714us step=1
flutter: SO3 tap_to_frame=5877us build_start=491us step=2
flutter: SO3 tap_to_frame=5898us build_start=603us step=3
flutter: SO3 tap_to_frame=5088us build_start=551us step=1
flutter: SO3 tap_to_frame=11293us build_start=5232us step=2
flutter: SO3 tap_to_frame=10414us build_start=4340us step=3
flutter: SO3 tap_to_frame=16436us build_start=10926us step=1
flutter: SO3 tap_to_frame=6093us build_start=549us step=2
flutter: SO3 tap_to_frame=5705us build_start=522us step=3
flutter: SO3 tap_to_frame=4980us build_start=527us step=1
flutter: SO3 tap_to_frame=11687us build_start=5605us step=2
flutter: SO3 tap_to_frame=10704us build_start=4257us step=3
flutter: SO3 tap_to_frame=14565us build_start=9660us step=1
flutter: SO3 tap_to_frame=18769us build_start=13065us step=2
flutter: SO3 tap_to_frame=17192us build_start=11140us step=3
flutter: SO3 tap_to_frame=5231us build_start=790us step=1
flutter: SO3 tap_to_frame=11475us build_start=5088us step=2
flutter: SO3 tap_to_frame=5998us build_start=530us step=3
flutter: SO3 tap_to_frame=5148us build_start=543us step=1
flutter: SO3 tap_to_frame=10533us build_start=4674us step=2
flutter: SO3 tap_to_frame=9351us build_start=3582us step=3
flutter: SO3 tap_to_frame=14579us build_start=8869us step=1
flutter: SO3 tap_to_frame=6369us build_start=566us step=2
flutter: SO3 tap_to_frame=6325us build_start=1036us step=3
flutter: SO3 tap_to_frame=5060us build_start=588us step=1
flutter: SO3 tap_to_frame=9441us build_start=3063us step=2
flutter: SO3 tap_to_frame=6619us build_start=894us step=3
flutter: SO3 tap_to_frame=5634us build_start=628us step=1
flutter: SO3 tap_to_frame=10966us build_start=4672us step=2
flutter: SO3 tap_to_frame=9220us build_start=3124us step=3
flutter: SO3 tap_to_frame=6374us build_start=1636us step=1
flutter: SO3 tap_to_frame=14075us build_start=8045us step=2
flutter: SO3 tap_to_frame=15186us build_start=9522us step=3
flutter: SO3 tap_to_frame=17794us build_start=12457us step=1
flutter: SO3 tap_to_frame=6023us build_start=615us step=2
flutter: SO3 tap_to_frame=5638us build_start=564us step=3
flutter: SO3 tap_to_frame=5287us build_start=496us step=1
flutter: SO3 tap_to_frame=12178us build_start=5881us step=2
flutter: SO3 tap_to_frame=10033us build_start=4025us step=3
flutter: SO3 tap_to_frame=14438us build_start=9461us step=1
flutter: SO3 tap_to_frame=6083us build_start=473us step=2
flutter: SO3 tap_to_frame=17887us build_start=11820us step=3
flutter: SO3 tap_to_frame=5061us build_start=512us step=1
flutter: SO3 tap_to_frame=9292us build_start=3021us step=2
flutter: SO3 tap_to_frame=7374us build_start=1549us step=3
flutter: SO3 tap_to_frame=8565us build_start=3235us step=1
flutter: SO3 tap_to_frame=13630us build_start=7017us step=2
flutter: SO3 tap_to_frame=11062us build_start=4900us step=3
flutter: SO3 tap_to_frame=17629us build_start=13003us step=1
flutter: SO3 tap_to_frame=6671us build_start=1585us step=2
flutter: SO3 tap_to_frame=5927us build_start=492us step=3
flutter: SO3 tap_to_frame=6321us build_start=1623us step=1
flutter: SO3 tap_to_frame=12175us build_start=6264us step=2
flutter: SO3 tap_to_frame=12139us build_start=6039us step=3
flutter: SO3 tap_to_frame=17203us build_start=12149us step=1
flutter: SO3 tap_to_frame=5820us build_start=503us step=2
flutter: SO3 tap_to_frame=18631us build_start=11993us step=3
flutter: SO3 tap_to_frame=5000us build_start=557us step=1
flutter: SO3 tap_to_frame=9598us build_start=3494us step=2
flutter: SO3 tap_to_frame=7920us build_start=2689us step=3
flutter: SO3 tap_to_frame=7948us build_start=2707us step=1
flutter: SO3 tap_to_frame=12962us build_start=7284us step=2
flutter: SO3 tap_to_frame=11942us build_start=6005us step=3
flutter: SO3 tap_to_frame=15445us build_start=10442us step=1
flutter: SO3 tap_to_frame=6444us build_start=525us step=2
flutter: SO3 tap_to_frame=5904us build_start=511us step=3
flutter: SO3 tap_to_frame=7708us build_start=3694us step=1
flutter: SO3 tap_to_frame=14541us build_start=8454us step=2
flutter: SO3 tap_to_frame=15453us build_start=9333us step=3
flutter: SO3 tap_to_frame=16969us build_start=11978us step=1
flutter: SO3 tap_to_frame=6571us build_start=554us step=2
flutter: SO3 tap_to_frame=5836us build_start=506us step=3
flutter: SO3 tap_to_frame=5094us build_start=563us step=1
flutter: SO3 tap_to_frame=12524us build_start=6303us step=2
flutter: SO3 tap_to_frame=11000us build_start=4710us step=3
flutter: SO3 tap_to_frame=14824us build_start=9697us step=1
flutter: SO3 tap_to_frame=19267us build_start=12933us step=2
flutter: SO3 tap_to_frame=16218us build_start=9816us step=3
flutter: SO3 tap_to_frame=17020us build_start=11743us step=1
flutter: SO3 tap_to_frame=6259us build_start=666us step=2
flutter: SO3 tap_to_frame=6400us build_start=631us step=3
flutter: SO3 tap_to_frame=5147us build_start=601us step=1
flutter: SO3 tap_to_frame=11660us build_start=5358us step=2
flutter: SO3 tap_to_frame=9326us build_start=4835us step=3
flutter: SO3 tap_to_frame=15077us build_start=11910us step=1
flutter: SO3 tap_to_frame=7420us build_start=596us step=2
flutter: SO3 tap_to_frame=7036us build_start=598us step=3
flutter: SO3 tap_to_frame=5607us build_start=816us step=1
flutter: SO3 tap_to_frame=10301us build_start=4041us step=2
flutter: SO3 tap_to_frame=5895us build_start=542us step=3
flutter: SO3 tap_to_frame=8510us build_start=3422us step=1
flutter: SO3 tap_to_frame=14370us build_start=8915us step=2
flutter: SO3 tap_to_frame=9767us build_start=3943us step=3
flutter: SO3 tap_to_frame=8624us build_start=3867us step=1
flutter: SO3 tap_to_frame=13508us build_start=7040us step=2
flutter: SO3 tap_to_frame=10917us build_start=4798us step=3
flutter: SO3 tap_to_frame=13976us build_start=9198us step=1
flutter: SO3 tap_to_frame=18554us build_start=12370us step=2
flutter: SO3 tap_to_frame=15473us build_start=9370us step=3
flutter: SO3 tap_to_frame=5029us build_start=575us step=1
flutter: SO3 tap_to_frame=10521us build_start=4592us step=2
flutter: SO3 tap_to_frame=8715us build_start=2868us step=3
flutter: SO3 tap_to_frame=13377us build_start=8416us step=1
flutter: SO3 tap_to_frame=18770us build_start=13290us step=2
flutter: SO3 tap_to_frame=17578us build_start=11143us step=3
flutter: SO3 tap_to_frame=17421us build_start=12367us step=1
flutter: SO3 tap_to_frame=5960us build_start=506us step=2
flutter: SO3 tap_to_frame=6057us build_start=503us step=3
flutter: SO3 tap_to_frame=5171us build_start=531us step=1
flutter: SO3 tap_to_frame=11702us build_start=5816us step=2
flutter: SO3 tap_to_frame=8620us build_start=2307us step=3
flutter: SO3 tap_to_frame=4313us build_start=523us step=1
flutter: SO3 tap_to_frame=10481us build_start=5728us step=2
flutter: SO3 tap_to_frame=9466us build_start=3448us step=3
flutter: SO3 tap_to_frame=11778us build_start=6800us step=1
flutter: SO3 tap_to_frame=18155us build_start=12019us step=2
flutter: SO3 tap_to_frame=16361us build_start=10630us step=3
flutter: SO3 tap_to_frame=17436us build_start=12420us step=1
flutter: SO3 tap_to_frame=6509us build_start=530us step=2
flutter: SO3 tap_to_frame=5979us build_start=526us step=3
flutter: SO3 tap_to_frame=5367us build_start=637us step=1
flutter: SO3 tap_to_frame=12964us build_start=7191us step=2
flutter: SO3 tap_to_frame=9847us build_start=5002us step=3
flutter: SO3 tap_to_frame=9723us build_start=4450us step=1
flutter: SO3 tap_to_frame=16330us build_start=10025us step=2
flutter: SO3 tap_to_frame=14696us build_start=8331us step=3
flutter: SO3 tap_to_frame=15643us build_start=10644us step=1
flutter: SO3 tap_to_frame=19290us build_start=13298us step=2
flutter: SO3 tap_to_frame=18523us build_start=12242us step=3
flutter: SO3 tap_to_frame=17173us build_start=12097us step=1
flutter: SO3 tap_to_frame=6548us build_start=475us step=2
flutter: SO3 tap_to_frame=17902us build_start=12349us step=3
flutter: SO3 tap_to_frame=5517us build_start=633us step=1
flutter: SO3 tap_to_frame=10024us build_start=4473us step=2
flutter: SO3 tap_to_frame=8050us build_start=1711us step=3
flutter: SO3 tap_to_frame=11034us build_start=5806us step=1
flutter: SO3 tap_to_frame=14747us build_start=8951us step=2
flutter: SO3 tap_to_frame=12670us build_start=6475us step=3
flutter: SO3 tap_to_frame=16605us build_start=12107us step=1
flutter: SO3 tap_to_frame=6523us build_start=538us step=2
flutter: SO3 tap_to_frame=6050us build_start=527us step=3
flutter: SO3 tap_to_frame=4914us build_start=566us step=1
flutter: SO3 tap_to_frame=8360us build_start=2452us step=2
flutter: SO3 tap_to_frame=5823us build_start=454us step=3
flutter: SO3 tap_to_frame=8566us build_start=3274us step=1
flutter: SO3 tap_to_frame=15661us build_start=9293us step=2
flutter: SO3 tap_to_frame=13466us build_start=7564us step=3
flutter: SO3 tap_to_frame=15399us build_start=10499us step=1
flutter: SO3 tap_to_frame=5154us build_start=439us step=2
flutter: SO3 tap_to_frame=5546us build_start=476us step=3
flutter: SO3 tap_to_frame=5168us build_start=624us step=1
flutter: SO3 tap_to_frame=10800us build_start=4463us step=2
flutter: SO3 tap_to_frame=5963us build_start=597us step=3
flutter: SO3 tap_to_frame=5525us build_start=853us step=1
flutter: SO3 tap_to_frame=11183us build_start=5034us step=2
flutter: SO3 tap_to_frame=10070us build_start=4339us step=3
flutter: SO3 tap_to_frame=13958us build_start=8830us step=1
flutter: SO3 tap_to_frame=5866us build_start=624us step=2
flutter: SO3 tap_to_frame=18371us build_start=12322us step=3
flutter: SO3 tap_to_frame=5360us build_start=699us step=1
flutter: SO3 tap_to_frame=7697us build_start=1747us step=2
flutter: SO3 tap_to_frame=7346us build_start=970us step=3
flutter: SO3 tap_to_frame=6990us build_start=2016us step=1
flutter: SO3 tap_to_frame=11975us build_start=5936us step=2
flutter: SO3 tap_to_frame=8115us build_start=2130us step=3
flutter: SO3 tap_to_frame=5138us build_start=655us step=1
flutter: SO3 tap_to_frame=11900us build_start=5883us step=2
flutter: SO3 tap_to_frame=10551us build_start=4589us step=3
flutter: SO3 tap_to_frame=14247us build_start=9408us step=1
flutter: SO3 tap_to_frame=6203us build_start=488us step=2
flutter: SO3 tap_to_frame=5810us build_start=530us step=3
flutter: SO3 tap_to_frame=4944us build_start=528us step=1
flutter: SO3 tap_to_frame=10513us build_start=4840us step=2
flutter: SO3 tap_to_frame=8193us build_start=2499us step=3
flutter: SO3 tap_to_frame=7752us build_start=2156us step=1
flutter: SO3 tap_to_frame=13566us build_start=7025us step=2
flutter: SO3 tap_to_frame=10181us build_start=4409us step=3
flutter: SO3 tap_to_frame=9006us build_start=4327us step=1
flutter: SO3 tap_to_frame=16515us build_start=10173us step=2
flutter: SO3 tap_to_frame=16838us build_start=11687us step=3
flutter: SO3 tap_to_frame=6375us build_start=1757us step=1
flutter: SO3 tap_to_frame=13507us build_start=7516us step=2
flutter: SO3 tap_to_frame=11877us build_start=6067us step=3
flutter: SO3 tap_to_frame=16902us build_start=11688us step=1
flutter: SO3 tap_to_frame=5734us build_start=527us step=2
flutter: SO3 tap_to_frame=6104us build_start=491us step=3
flutter: SO3 tap_to_frame=4895us build_start=519us step=1
flutter: SO3 tap_to_frame=10671us build_start=4651us step=2
flutter: SO3 tap_to_frame=8834us build_start=3392us step=3
flutter: SO3 tap_to_frame=14727us build_start=10676us step=1
flutter: SO3 tap_to_frame=6008us build_start=585us step=2
flutter: SO3 tap_to_frame=5608us build_start=554us step=3
flutter: SO3 tap_to_frame=5293us build_start=621us step=1
flutter: SO3 tap_to_frame=7524us build_start=1614us step=2
flutter: SO3 tap_to_frame=6587us build_start=682us step=3
flutter: SO3 tap_to_frame=7273us build_start=2154us step=1
flutter: SO3 tap_to_frame=13237us build_start=6831us step=2
flutter: SO3 tap_to_frame=9979us build_start=3951us step=3
flutter: SO3 tap_to_frame=15761us build_start=11483us step=1
flutter: SO3 tap_to_frame=6069us build_start=467us step=2
flutter: SO3 tap_to_frame=6266us build_start=541us step=3
flutter: SO3 tap_to_frame=6085us build_start=869us step=1
flutter: SO3 tap_to_frame=13153us build_start=6819us step=2
flutter: SO3 tap_to_frame=10472us build_start=4560us step=3
flutter: SO3 tap_to_frame=14310us build_start=9300us step=1
flutter: SO3 tap_to_frame=18279us build_start=12291us step=2
flutter: SO3 tap_to_frame=16980us build_start=10727us step=3
flutter: SO3 tap_to_frame=4868us build_start=491us step=1
flutter: SO3 tap_to_frame=7286us build_start=1597us step=2
flutter: SO3 tap_to_frame=6068us build_start=610us step=3
flutter: SO3 tap_to_frame=4959us build_start=578us step=1
flutter: SO3 tap_to_frame=10845us build_start=4883us step=2
flutter: SO3 tap_to_frame=8523us build_start=2088us step=3
flutter: SO3 tap_to_frame=8318us build_start=3196us step=1
flutter: SO3 tap_to_frame=16009us build_start=10034us step=2
flutter: SO3 tap_to_frame=14569us build_start=8278us step=3
flutter: SO3 tap_to_frame=16807us build_start=12117us step=1
flutter: SO3 tap_to_frame=5749us build_start=450us step=2
flutter: SO3 tap_to_frame=5923us build_start=517us step=3
flutter: SO3 tap_to_frame=7342us build_start=2735us step=1
flutter: SO3 tap_to_frame=14883us build_start=8505us step=2
flutter: SO3 tap_to_frame=11411us build_start=5465us step=3
flutter: SO3 tap_to_frame=15080us build_start=10040us step=1
flutter: SO3 tap_to_frame=5737us build_start=481us step=2
flutter: SO3 tap_to_frame=5832us build_start=520us step=3
flutter: SO3 tap_to_frame=4420us build_start=395us step=1
flutter: SO3 tap_to_frame=10743us build_start=4965us step=2
flutter: SO3 tap_to_frame=9594us build_start=3657us step=3
flutter: SO3 tap_to_frame=14238us build_start=11010us step=1
flutter: SO3 tap_to_frame=5184us build_start=1160us step=2
flutter: SO3 tap_to_frame=7409us build_start=5392us step=3
flutter: SO3 tap_to_frame=5328us build_start=1587us step=1
flutter: SO3 tap_to_frame=12540us build_start=8123us step=2
flutter: SO3 tap_to_frame=15579us build_start=11622us step=3
flutter: SO3 tap_to_frame=3573us build_start=427us step=1
flutter: SO3 tap_to_frame=11892us build_start=8182us step=2
flutter: SO3 tap_to_frame=15885us build_start=12221us step=3
flutter: SO3 tap_to_frame=7676us build_start=4182us step=1
flutter: SO3 tap_to_frame=16442us build_start=12267us step=2
flutter: SO3 tap_to_frame=4186us build_start=404us step=3
flutter: SO3 tap_to_frame=11519us build_start=7933us step=1
flutter: SO3 tap_to_frame=17306us build_start=13325us step=2
flutter: SO3 tap_to_frame=4289us build_start=398us step=3
flutter: SO3 tap_to_frame=14741us build_start=11425us step=1
flutter: SO3 tap_to_frame=6149us build_start=2632us step=2
flutter: SO3 tap_to_frame=10452us build_start=6872us step=3
flutter: SO3 tap_to_frame=14773us build_start=10587us step=1
flutter: SO3 tap_to_frame=6542us build_start=551us step=2
flutter: SO3 tap_to_frame=17784us build_start=11676us step=3
flutter: SO3 tap_to_frame=5316us build_start=540us step=1
flutter: SO3 tap_to_frame=9446us build_start=3488us step=2
flutter: SO3 tap_to_frame=9032us build_start=2871us step=3
flutter: SO3 tap_to_frame=13770us build_start=8819us step=1
flutter: SO3 tap_to_frame=5785us build_start=501us step=2
flutter: SO3 tap_to_frame=18785us build_start=12333us step=3
flutter: SO3 tap_to_frame=4761us build_start=576us step=1
flutter: SO3 tap_to_frame=5729us build_start=463us step=2
flutter: SO3 tap_to_frame=7834us build_start=1492us step=3
flutter: SO3 tap_to_frame=8355us build_start=4992us step=1
flutter: SO3 tap_to_frame=14939us build_start=11061us step=2
flutter: SO3 tap_to_frame=3712us build_start=320us step=3
flutter: SO3 tap_to_frame=7576us build_start=2248us step=1
flutter: SO3 tap_to_frame=15748us build_start=8096us step=2
flutter: SO3 tap_to_frame=12219us build_start=6021us step=3
flutter: SO3 tap_to_frame=17150us build_start=12239us step=1
flutter: SO3 tap_to_frame=6779us build_start=511us step=2
flutter: SO3 tap_to_frame=6209us build_start=586us step=3
flutter: SO3 tap_to_frame=5063us build_start=755us step=1
flutter: SO3 tap_to_frame=11736us build_start=6024us step=2
flutter: SO3 tap_to_frame=10241us build_start=4433us step=3
flutter: SO3 tap_to_frame=14727us build_start=9375us step=1
flutter: SO3 tap_to_frame=6873us build_start=540us step=2
flutter: SO3 tap_to_frame=18751us build_start=12526us step=3
flutter: SO3 tap_to_frame=4945us build_start=595us step=1
flutter: SO3 tap_to_frame=6662us build_start=547us step=2
flutter: SO3 tap_to_frame=6360us build_start=572us step=3
flutter: SO3 tap_to_frame=5018us build_start=544us step=1
flutter: SO3 tap_to_frame=12327us build_start=5775us step=2
flutter: SO3 tap_to_frame=12784us build_start=5881us step=3
flutter: SO3 tap_to_frame=3324us build_start=334us step=1
flutter: SO3 tap_to_frame=9250us build_start=5628us step=2
flutter: SO3 tap_to_frame=10564us build_start=6927us step=3
flutter: SO3 tap_to_frame=4968us build_start=1634us step=1
flutter: SO3 tap_to_frame=11586us build_start=7484us step=2
flutter: SO3 tap_to_frame=13550us build_start=9800us step=3
flutter: SO3 tap_to_frame=8269us build_start=5085us step=1
flutter: SO3 tap_to_frame=15202us build_start=11328us step=2
flutter: SO3 tap_to_frame=16988us build_start=13348us step=3
flutter: SO3 tap_to_frame=11739us build_start=8550us step=1
flutter: SO3 tap_to_frame=18082us build_start=14422us step=2
flutter: SO3 tap_to_frame=4074us build_start=310us step=3
flutter: SO3 tap_to_frame=15438us build_start=12307us step=1
flutter: SO3 tap_to_frame=5370us build_start=1754us step=2
flutter: SO3 tap_to_frame=9513us build_start=5906us step=3
flutter: SO3 tap_to_frame=17668us build_start=14285us step=1
flutter: SO3 tap_to_frame=10324us build_start=6655us step=2
flutter: SO3 tap_to_frame=13252us build_start=9600us step=3
flutter: SO3 tap_to_frame=10102us build_start=6541us step=1
flutter: SO3 tap_to_frame=16703us build_start=13063us step=2
flutter: SO3 tap_to_frame=4315us build_start=529us step=3
flutter: SO3 tap_to_frame=9765us build_start=6427us step=1
flutter: SO3 tap_to_frame=16290us build_start=12495us step=2
flutter: SO3 tap_to_frame=4080us build_start=403us step=3
flutter: SO3 tap_to_frame=9291us build_start=5904us step=1
flutter: SO3 tap_to_frame=15426us build_start=11655us step=2
flutter: SO3 tap_to_frame=3619us build_start=294us step=3
flutter: SO3 tap_to_frame=12071us build_start=8810us step=1
flutter: SO3 tap_to_frame=3676us build_start=304us step=2
flutter: SO3 tap_to_frame=6034us build_start=2190us step=3
flutter: SO3 tap_to_frame=16084us build_start=12630us step=1
flutter: SO3 tap_to_frame=6938us build_start=3176us step=2
flutter: SO3 tap_to_frame=10025us build_start=6146us step=3
flutter: SO3 tap_to_frame=15443us build_start=12268us step=1
flutter: SO3 tap_to_frame=6053us build_start=2255us step=2
flutter: SO3 tap_to_frame=8172us build_start=3352us step=3
flutter: SO3 tap_to_frame=3835us build_start=437us step=1
flutter: SO3 tap_to_frame=9900us build_start=5825us step=2
flutter: SO3 tap_to_frame=8521us build_start=4886us step=3
flutter: SO3 tap_to_frame=3779us build_start=300us step=1
flutter: SO3 tap_to_frame=10347us build_start=6309us step=2
flutter: SO3 tap_to_frame=13153us build_start=9414us step=3
flutter: SO3 tap_to_frame=9765us build_start=6414us step=1
flutter: SO3 tap_to_frame=17012us build_start=13341us step=2
flutter: SO3 tap_to_frame=3925us build_start=358us step=3
flutter: SO3 tap_to_frame=9613us build_start=6284us step=1
flutter: SO3 tap_to_frame=16315us build_start=12585us step=2
flutter: SO3 tap_to_frame=3760us build_start=316us step=3
flutter: SO3 tap_to_frame=10208us build_start=6623us step=1
flutter: SO3 tap_to_frame=17251us build_start=12535us step=2
flutter: SO3 tap_to_frame=20287us build_start=14513us step=3
flutter: SO3 tap_to_frame=9490us build_start=6260us step=1
flutter: SO3 tap_to_frame=18234us build_start=14219us step=2
flutter: SO3 tap_to_frame=4496us build_start=688us step=3
flutter: SO3 tap_to_frame=11466us build_start=7556us step=1
flutter: SO3 tap_to_frame=18891us build_start=14839us step=2
flutter: SO3 tap_to_frame=5364us build_start=3093us step=3
flutter: SO3 tap_to_frame=5516us build_start=3921us step=1
flutter: SO3 tap_to_frame=13332us build_start=9896us step=2
flutter: SO3 tap_to_frame=14840us build_start=10949us step=3
flutter: SO3 tap_to_frame=6846us build_start=3361us step=1
flutter: SO3 tap_to_frame=13615us build_start=10022us step=2
flutter: SO3 tap_to_frame=17207us build_start=14289us step=3
flutter: SO3 tap_to_frame=9933us build_start=6037us step=1
flutter: SO3 tap_to_frame=17367us build_start=12701us step=2
flutter: SO3 tap_to_frame=18242us build_start=15062us step=3
flutter: SO3 tap_to_frame=10402us build_start=7088us step=1
flutter: SO3 tap_to_frame=16827us build_start=13188us step=2
flutter: SO3 tap_to_frame=3579us build_start=348us step=3
flutter: SO3 tap_to_frame=9491us build_start=6413us step=1
flutter: SO3 tap_to_frame=16567us build_start=12763us step=2
flutter: SO3 tap_to_frame=3576us build_start=357us step=3
flutter: SO3 tap_to_frame=10326us build_start=7023us step=1
flutter: SO3 tap_to_frame=18404us build_start=14344us step=2
flutter: SO3 tap_to_frame=3873us build_start=525us step=3
flutter: SO3 tap_to_frame=10868us build_start=7595us step=1
flutter: SO3 tap_to_frame=17931us build_start=14359us step=2
flutter: SO3 tap_to_frame=4154us build_start=370us step=3
flutter: SO3 tap_to_frame=14134us build_start=10996us step=1
flutter: SO3 tap_to_frame=3874us build_start=357us step=2
flutter: SO3 tap_to_frame=7796us build_start=4048us step=3
flutter: SO3 tap_to_frame=17524us build_start=14070us step=1
flutter: SO3 tap_to_frame=8306us build_start=4448us step=2
flutter: SO3 tap_to_frame=12039us build_start=8105us step=3
flutter: SO3 tap_to_frame=3599us build_start=335us step=1
flutter: SO3 tap_to_frame=11288us build_start=7687us step=2
flutter: SO3 tap_to_frame=11999us build_start=8251us step=3
flutter: SO3 tap_to_frame=6436us build_start=2999us step=1
flutter: SO3 tap_to_frame=11710us build_start=8403us step=2
flutter: SO3 tap_to_frame=16025us build_start=12427us step=3
flutter: SO3 tap_to_frame=9357us build_start=6048us step=1
flutter: SO3 tap_to_frame=15515us build_start=11992us step=2
flutter: SO3 tap_to_frame=16989us build_start=13154us step=3
flutter: SO3 tap_to_frame=7257us build_start=3952us step=1
flutter: SO3 tap_to_frame=14608us build_start=10863us step=2
flutter: SO3 tap_to_frame=17726us build_start=13894us step=3
flutter: SO3 tap_to_frame=6092us build_start=2749us step=1
flutter: SO3 tap_to_frame=13989us build_start=10418us step=2
flutter: SO3 tap_to_frame=16347us build_start=12723us step=3
flutter: SO3 tap_to_frame=7453us build_start=4232us step=1
flutter: SO3 tap_to_frame=14572us build_start=10989us step=2
flutter: SO3 tap_to_frame=3893us build_start=367us step=3
flutter: SO3 tap_to_frame=10105us build_start=6771us step=1
flutter: SO3 tap_to_frame=16888us build_start=13081us step=2
flutter: SO3 tap_to_frame=3913us build_start=403us step=3
flutter: SO3 tap_to_frame=11722us build_start=6323us step=1
flutter: SO3 tap_to_frame=17533us build_start=10973us step=2
flutter: SO3 tap_to_frame=15550us build_start=9330us step=3
flutter: SO3 tap_to_frame=4429us build_start=492us step=1
flutter: SO3 tap_to_frame=8375us build_start=2258us step=2
flutter: SO3 tap_to_frame=6291us build_start=657us step=3
flutter: SO3 tap_to_frame=5509us build_start=519us step=1
flutter: SO3 tap_to_frame=12393us build_start=6437us step=2
flutter: SO3 tap_to_frame=8248us build_start=2221us step=3
flutter: SO3 tap_to_frame=12212us build_start=6544us step=1
flutter: SO3 tap_to_frame=16991us build_start=11090us step=2
flutter: SO3 tap_to_frame=13633us build_start=7741us step=3
flutter: SO3 tap_to_frame=16995us build_start=12130us step=1
flutter: SO3 tap_to_frame=5729us build_start=507us step=2
flutter: SO3 tap_to_frame=5947us build_start=525us step=3
flutter: SO3 tap_to_frame=6690us build_start=1209us step=1
flutter: SO3 tap_to_frame=13176us build_start=6734us step=2
flutter: SO3 tap_to_frame=11630us build_start=5235us step=3
flutter: SO3 tap_to_frame=14230us build_start=9147us step=1
flutter: SO3 tap_to_frame=18373us build_start=12522us step=2
flutter: SO3 tap_to_frame=16666us build_start=10857us step=3
flutter: SO3 tap_to_frame=5180us build_start=779us step=1
flutter: SO3 tap_to_frame=7090us build_start=1244us step=2
flutter: SO3 tap_to_frame=5808us build_start=578us step=3
flutter: SO3 tap_to_frame=5192us build_start=522us step=1
flutter: SO3 tap_to_frame=12355us build_start=6300us step=2
flutter: SO3 tap_to_frame=11690us build_start=5803us step=3
flutter: SO3 tap_to_frame=14400us build_start=9717us step=1
flutter: SO3 tap_to_frame=5984us build_start=542us step=2
flutter: SO3 tap_to_frame=5709us build_start=494us step=3
flutter: SO3 tap_to_frame=6425us build_start=1360us step=1
flutter: SO3 tap_to_frame=13067us build_start=7192us step=2
flutter: SO3 tap_to_frame=10446us build_start=4355us step=3
flutter: SO3 tap_to_frame=13542us build_start=8739us step=1
flutter: SO3 tap_to_frame=18711us build_start=12228us step=2
flutter: SO3 tap_to_frame=17001us build_start=10748us step=3
flutter: 06:57 +1: (tearDownAll)
flutter: 06:57 +2: All tests passed!
All tests passed.
